Component: ARM Compiler 5.06 update 6 (build 750) Tool: armlink [4d35ed]

==============================================================================

Section Cross References

    startup_stm32f746xx.o(STACK) refers (Special) to heapauxi.o(.text) for __use_two_region_memory
    startup_stm32f746xx.o(HEAP) refers (Special) to heapauxi.o(.text) for __use_two_region_memory
    startup_stm32f746xx.o(RESET) refers (Special) to heapauxi.o(.text) for __use_two_region_memory
    startup_stm32f746xx.o(RESET) refers to startup_stm32f746xx.o(STACK) for __initial_sp
    startup_stm32f746xx.o(RESET) refers to startup_stm32f746xx.o(.text) for Reset_Handler
    startup_stm32f746xx.o(RESET) refers to stm32f7xx_it.o(i.NMI_Handler) for NMI_Handler
    startup_stm32f746xx.o(RESET) refers to stm32f7xx_it.o(i.HardFault_Handler) for HardFault_Handler
    startup_stm32f746xx.o(RESET) refers to stm32f7xx_it.o(i.MemManage_Handler) for MemManage_Handler
    startup_stm32f746xx.o(RESET) refers to stm32f7xx_it.o(i.BusFault_Handler) for BusFault_Handler
    startup_stm32f746xx.o(RESET) refers to stm32f7xx_it.o(i.UsageFault_Handler) for UsageFault_Handler
    startup_stm32f746xx.o(RESET) refers to stm32f7xx_it.o(i.SVC_Handler) for SVC_Handler
    startup_stm32f746xx.o(RESET) refers to stm32f7xx_it.o(i.DebugMon_Handler) for DebugMon_Handler
    startup_stm32f746xx.o(RESET) refers to stm32f7xx_it.o(i.PendSV_Handler) for PendSV_Handler
    startup_stm32f746xx.o(RESET) refers to stm32f7xx_it.o(i.SysTick_Handler) for SysTick_Handler
    startup_stm32f746xx.o(RESET) refers to stm32f7xx_it.o(i.DMA2_Stream0_IRQHandler) for DMA2_Stream0_IRQHandler
    startup_stm32f746xx.o(.text) refers (Special) to heapauxi.o(.text) for __use_two_region_memory
    startup_stm32f746xx.o(.text) refers to system_stm32f7xx.o(i.SystemInit) for SystemInit
    startup_stm32f746xx.o(.text) refers to __main.o(!!!main) for __main
    startup_stm32f746xx.o(.text) refers to startup_stm32f746xx.o(HEAP) for Heap_Mem
    startup_stm32f746xx.o(.text) refers to startup_stm32f746xx.o(STACK) for Stack_Mem
    main.o(i.SystemClock_Config) refers to rt_memclr_w.o(.text) for __aeabi_memclr4
    main.o(i.SystemClock_Config) refers to stm32f7xx_hal_rcc.o(i.HAL_RCC_OscConfig) for HAL_RCC_OscConfig
    main.o(i.SystemClock_Config) refers to stm32f7xx_hal_pwr_ex.o(i.HAL_PWREx_EnableOverDrive) for HAL_PWREx_EnableOverDrive
    main.o(i.SystemClock_Config) refers to stm32f7xx_hal_rcc.o(i.HAL_RCC_ClockConfig) for HAL_RCC_ClockConfig
    main.o(i.main) refers to stm32f7xx_hal.o(i.HAL_Init) for HAL_Init
    main.o(i.main) refers to main.o(i.SystemClock_Config) for SystemClock_Config
    main.o(i.main) refers to gpio.o(i.MX_GPIO_Init) for MX_GPIO_Init
    main.o(i.main) refers to dma.o(i.MX_DMA_Init) for MX_DMA_Init
    main.o(i.main) refers to adc.o(i.MX_ADC3_Init) for MX_ADC3_Init
    main.o(i.main) refers to tim.o(i.MX_TIM2_Init) for MX_TIM2_Init
    main.o(i.main) refers to ltdc.o(i.MX_LTDC_Init) for MX_LTDC_Init
    main.o(i.main) refers to lv_obj.o(i.lv_init) for lv_init
    main.o(i.main) refers to lv_port_disp_template.o(i.lv_port_disp_init) for lv_port_disp_init
    main.o(i.main) refers to lv_timer.o(i.lv_timer_handler) for lv_timer_handler
    gpio.o(i.MX_GPIO_Init) refers to rt_memclr_w.o(.text) for __aeabi_memclr4
    gpio.o(i.MX_GPIO_Init) refers to stm32f7xx_hal_gpio.o(i.HAL_GPIO_WritePin) for HAL_GPIO_WritePin
    gpio.o(i.MX_GPIO_Init) refers to stm32f7xx_hal_gpio.o(i.HAL_GPIO_Init) for HAL_GPIO_Init
    adc.o(i.HAL_ADC_MspDeInit) refers to stm32f7xx_hal_gpio.o(i.HAL_GPIO_DeInit) for HAL_GPIO_DeInit
    adc.o(i.HAL_ADC_MspDeInit) refers to stm32f7xx_hal_dma.o(i.HAL_DMA_DeInit) for HAL_DMA_DeInit
    adc.o(i.HAL_ADC_MspInit) refers to rt_memclr_w.o(.text) for __aeabi_memclr4
    adc.o(i.HAL_ADC_MspInit) refers to stm32f7xx_hal_gpio.o(i.HAL_GPIO_Init) for HAL_GPIO_Init
    adc.o(i.HAL_ADC_MspInit) refers to stm32f7xx_hal_dma.o(i.HAL_DMA_Init) for HAL_DMA_Init
    adc.o(i.HAL_ADC_MspInit) refers to main.o(i.Error_Handler) for Error_Handler
    adc.o(i.HAL_ADC_MspInit) refers to adc.o(.bss) for .bss
    adc.o(i.MX_ADC3_Init) refers to stm32f7xx_hal_adc.o(i.HAL_ADC_Init) for HAL_ADC_Init
    adc.o(i.MX_ADC3_Init) refers to main.o(i.Error_Handler) for Error_Handler
    adc.o(i.MX_ADC3_Init) refers to stm32f7xx_hal_adc.o(i.HAL_ADC_ConfigChannel) for HAL_ADC_ConfigChannel
    adc.o(i.MX_ADC3_Init) refers to adc.o(.bss) for .bss
    dma.o(i.MX_DMA_Init) refers to stm32f7xx_hal_cortex.o(i.HAL_NVIC_SetPriority) for HAL_NVIC_SetPriority
    dma.o(i.MX_DMA_Init) refers to stm32f7xx_hal_cortex.o(i.HAL_NVIC_EnableIRQ) for HAL_NVIC_EnableIRQ
    ltdc.o(i.HAL_LTDC_MspDeInit) refers to stm32f7xx_hal_gpio.o(i.HAL_GPIO_DeInit) for HAL_GPIO_DeInit
    ltdc.o(i.HAL_LTDC_MspInit) refers to rt_memclr_w.o(.text) for __aeabi_memclr4
    ltdc.o(i.HAL_LTDC_MspInit) refers to stm32f7xx_hal_rcc_ex.o(i.HAL_RCCEx_PeriphCLKConfig) for HAL_RCCEx_PeriphCLKConfig
[...]
    Removing stm32f7xx_hal_rcc_ex.o(i.HAL_RCCEx_EnablePLLSAI), (120 bytes).
    Removing stm32f7xx_hal_rcc_ex.o(i.HAL_RCCEx_GetPeriphCLKConfig), (308 bytes).
    Removing stm32f7xx_hal_rcc_ex.o(i.HAL_RCCEx_GetPeriphCLKFreq), (288 bytes).
    Removing stm32f7xx_hal_flash.o(.rev16_text), (4 bytes).
    Removing stm32f7xx_hal_flash.o(.revsh_text), (4 bytes).
    Removing stm32f7xx_hal_flash.o(.rrx_text), (6 bytes).
    Removing stm32f7xx_hal_flash.o(i.FLASH_Program_Byte), (36 bytes).
    Removing stm32f7xx_hal_flash.o(i.FLASH_Program_DoubleWord), (48 bytes).
    Removing stm32f7xx_hal_flash.o(i.FLASH_Program_HalfWord), (40 bytes).
    Removing stm32f7xx_hal_flash.o(i.FLASH_Program_Word), (40 bytes).
    Removing stm32f7xx_hal_flash.o(i.FLASH_SetErrorCode), (88 bytes).
    Removing stm32f7xx_hal_flash.o(i.FLASH_WaitForLastOperation), (84 bytes).
    Removing stm32f7xx_hal_flash.o(i.HAL_FLASH_EndOfOperationCallback), (2 bytes).
    Removing stm32f7xx_hal_flash.o(i.HAL_FLASH_GetError), (12 bytes).
    Removing stm32f7xx_hal_flash.o(i.HAL_FLASH_IRQHandler), (244 bytes).
    Removing stm32f7xx_hal_flash.o(i.HAL_FLASH_Lock), (20 bytes).
    Removing stm32f7xx_hal_flash.o(i.HAL_FLASH_OB_Launch), (24 bytes).
    Removing stm32f7xx_hal_flash.o(i.HAL_FLASH_OB_Lock), (20 bytes).
    Removing stm32f7xx_hal_flash.o(i.HAL_FLASH_OB_Unlock), (40 bytes).
    Removing stm32f7xx_hal_flash.o(i.HAL_FLASH_OperationErrorCallback), (2 bytes).
    Removing stm32f7xx_hal_flash.o(i.HAL_FLASH_Program), (132 bytes).
    Removing stm32f7xx_hal_flash.o(i.HAL_FLASH_Program_IT), (132 bytes).
    Removing stm32f7xx_hal_flash.o(i.HAL_FLASH_Unlock), (48 bytes).
    Removing stm32f7xx_hal_flash.o(.bss), (28 bytes).
    Removing stm32f7xx_hal_flash_ex.o(.rev16_text), (4 bytes).
    Removing stm32f7xx_hal_flash_ex.o(.revsh_text), (4 bytes).
    Removing stm32f7xx_hal_flash_ex.o(.rrx_text), (6 bytes).
    Removing stm32f7xx_hal_flash_ex.o(i.FLASH_Erase_Sector), (84 bytes).
    Removing stm32f7xx_hal_flash_ex.o(i.FLASH_MassErase), (44 bytes).
    Removing stm32f7xx_hal_flash_ex.o(i.FLASH_OB_BootAddressConfig), (48 bytes).
    Removing stm32f7xx_hal_flash_ex.o(i.FLASH_OB_GetBootAddress), (20 bytes).
    Removing stm32f7xx_hal_flash_ex.o(i.HAL_FLASHEx_Erase), (140 bytes).
    Removing stm32f7xx_hal_flash_ex.o(i.HAL_FLASHEx_Erase_IT), (100 bytes).
    Removing stm32f7xx_hal_flash_ex.o(i.HAL_FLASHEx_OBGetConfig), (80 bytes).
    Removing stm32f7xx_hal_flash_ex.o(i.HAL_FLASHEx_OBProgram), (236 bytes).
    Removing stm32f7xx_hal_gpio.o(.rev16_text), (4 bytes).
    Removing stm32f7xx_hal_gpio.o(.revsh_text), (4 bytes).
    Removing stm32f7xx_hal_gpio.o(.rrx_text), (6 bytes).
    Removing stm32f7xx_hal_gpio.o(i.HAL_GPIO_DeInit), (356 bytes).
    Removing stm32f7xx_hal_gpio.o(i.HAL_GPIO_EXTI_Callback), (2 bytes).
    Removing stm32f7xx_hal_gpio.o(i.HAL_GPIO_EXTI_IRQHandler), (24 bytes).
    Removing stm32f7xx_hal_gpio.o(i.HAL_GPIO_LockPin), (34 bytes).
    Removing stm32f7xx_hal_gpio.o(i.HAL_GPIO_ReadPin), (10 bytes).
    Removing stm32f7xx_hal_gpio.o(i.HAL_GPIO_TogglePin), (16 bytes).
    Removing stm32f7xx_hal_dma.o(.rev16_text), (4 bytes).
    Removing stm32f7xx_hal_dma.o(.revsh_text), (4 bytes).
    Removing stm32f7xx_hal_dma.o(.rrx_text), (6 bytes).
    Removing stm32f7xx_hal_dma.o(i.DMA_SetConfig), (40 bytes).
    Removing stm32f7xx_hal_dma.o(i.HAL_DMA_Abort), (146 bytes).
    Removing stm32f7xx_hal_dma.o(i.HAL_DMA_Abort_IT), (36 bytes).
    Removing stm32f7xx_hal_dma.o(i.HAL_DMA_DeInit), (98 bytes).
    Removing stm32f7xx_hal_dma.o(i.HAL_DMA_GetError), (4 bytes).
    Removing stm32f7xx_hal_dma.o(i.HAL_DMA_GetState), (6 bytes).
    Removing stm32f7xx_hal_dma.o(i.HAL_DMA_PollForTransfer), (288 bytes).
    Removing stm32f7xx_hal_dma.o(i.HAL_DMA_RegisterCallback), (82 bytes).
    Removing stm32f7xx_hal_dma.o(i.HAL_DMA_Start), (74 bytes).
    Removing stm32f7xx_hal_dma.o(i.HAL_DMA_Start_IT), (122 bytes).
    Removing stm32f7xx_hal_dma.o(i.HAL_DMA_UnRegisterCallback), (96 bytes).
    Removing stm32f7xx_hal_dma_ex.o(.rev16_text), (4 bytes).
    Removing stm32f7xx_hal_dma_ex.o(.revsh_text), (4 bytes).
    Removing stm32f7xx_hal_dma_ex.o(.rrx_text), (6 bytes).
    Removing stm32f7xx_hal_dma_ex.o(i.DMA_MultiBufferSetConfig), (30 bytes).
    Removing stm32f7xx_hal_dma_ex.o(i.HAL_DMAEx_ChangeMemory), (14 bytes).
    Removing stm32f7xx_hal_dma_ex.o(i.HAL_DMAEx_MultiBufferStart), (100 bytes).
    Removing stm32f7xx_hal_dma_ex.o(i.HAL_DMAEx_MultiBufferStart_IT), (2428 bytes).
    Removing stm32f7xx_hal_pwr.o(.rev16_text), (4 bytes).
    Removing stm32f7xx_hal_pwr.o(.revsh_text), (4 bytes).
    Removing stm32f7xx_hal_pwr.o(.rrx_text), (6 bytes).
    Removing stm32f7xx_hal_pwr.o(i.HAL_PWR_ConfigPVD), (124 bytes).
    Removing stm32f7xx_hal_pwr.o(i.HAL_PWR_DeInit), (24 bytes).
    Removing stm32f7xx_hal_pwr.o(i.HAL_PWR_DisableBkUpAccess), (16 bytes).
    Removing stm32f7xx_hal_pwr.o(i.HAL_PWR_DisablePVD), (16 bytes).
    Removing stm32f7xx_hal_pwr.o(i.HAL_PWR_DisableSEVOnPend), (16 bytes).
    Removing stm32f7xx_hal_pwr.o(i.HAL_PWR_DisableSleepOnExit), (16 bytes).
    Removing stm32f7xx_hal_pwr.o(i.HAL_PWR_DisableWakeUpPin), (16 bytes).
    Removing stm32f7xx_hal_pwr.o(i.HAL_PWR_EnableBkUpAccess), (16 bytes).
    Removing stm32f7xx_hal_pwr.o(i.HAL_PWR_EnablePVD), (16 bytes).
    Removing stm32f7xx_hal_pwr.o(i.HAL_PWR_EnableSEVOnPend), (16 bytes).
    Removing stm32f7xx_hal_pwr.o(i.HAL_PWR_EnableSleepOnExit), (16 bytes).
    Removing stm32f7xx_hal_pwr.o(i.HAL_PWR_EnableWakeUpPin), (28 bytes).
    Removing stm32f7xx_hal_pwr.o(i.HAL_PWR_EnterSLEEPMode), (40 bytes).
    Removing stm32f7xx_hal_pwr.o(i.HAL_PWR_EnterSTANDBYMode), (32 bytes).
    Removing stm32f7xx_hal_pwr.o(i.HAL_PWR_EnterSTOPMode), (64 bytes).
    Removing stm32f7xx_hal_pwr.o(i.HAL_PWR_PVDCallback), (2 bytes).
    Removing stm32f7xx_hal_pwr.o(i.HAL_PWR_PVD_IRQHandler), (28 bytes).
    Removing stm32f7xx_hal_pwr_ex.o(.rev16_text), (4 bytes).
    Removing stm32f7xx_hal_pwr_ex.o(.revsh_text), (4 bytes).
    Removing stm32f7xx_hal_pwr_ex.o(.rrx_text), (6 bytes).
    Removing stm32f7xx_hal_pwr_ex.o(i.HAL_PWREx_ControlVoltageScaling), (176 bytes).
    Removing stm32f7xx_hal_pwr_ex.o(i.HAL_PWREx_DisableBkUpReg), (64 bytes).
    Removing stm32f7xx_hal_pwr_ex.o(i.HAL_PWREx_DisableFlashPowerDown), (16 bytes).
    Removing stm32f7xx_hal_pwr_ex.o(i.HAL_PWREx_DisableLowRegulatorLowVoltage), (16 bytes).
    Removing stm32f7xx_hal_pwr_ex.o(i.HAL_PWREx_DisableMainRegulatorLowVoltage), (16 bytes).
    Removing stm32f7xx_hal_pwr_ex.o(i.HAL_PWREx_DisableOverDrive), (108 bytes).
    Removing stm32f7xx_hal_pwr_ex.o(i.HAL_PWREx_EnableBkUpReg), (64 bytes).
    Removing stm32f7xx_hal_pwr_ex.o(i.HAL_PWREx_EnableFlashPowerDown), (16 bytes).
    Removing stm32f7xx_hal_pwr_ex.o(i.HAL_PWREx_EnableLowRegulatorLowVoltage), (16 bytes).
    Removing stm32f7xx_hal_pwr_ex.o(i.HAL_PWREx_EnableMainRegulatorLowVoltage), (16 bytes).
    Removing stm32f7xx_hal_pwr_ex.o(i.HAL_PWREx_EnterUnderDriveSTOPMode), (148 bytes).
    Removing stm32f7xx_hal_pwr_ex.o(i.HAL_PWREx_GetVoltageRange), (16 bytes).
    Removing stm32f7xx_hal_cortex.o(.rev16_text), (4 bytes).
    Removing stm32f7xx_hal_cortex.o(.revsh_text), (4 bytes).
    Removing stm32f7xx_hal_cortex.o(.rrx_text), (6 bytes).
    Removing stm32f7xx_hal_cortex.o(i.HAL_MPU_ConfigRegion), (92 bytes).
    Removing stm32f7xx_hal_cortex.o(i.HAL_MPU_Disable), (28 bytes).
    Removing stm32f7xx_hal_cortex.o(i.HAL_MPU_Enable), (36 bytes).
    Removing stm32f7xx_hal_cortex.o(i.HAL_NVIC_ClearPendingIRQ), (26 bytes).
    Removing stm32f7xx_hal_cortex.o(i.HAL_NVIC_DisableIRQ), (34 bytes).
    Removing stm32f7xx_hal_cortex.o(i.HAL_NVIC_GetActive), (36 bytes).
    Removing stm32f7xx_hal_cortex.o(i.HAL_NVIC_GetPendingIRQ), (36 bytes).
    Removing stm32f7xx_hal_cortex.o(i.HAL_NVIC_GetPriority), (82 bytes).
    Removing stm32f7xx_hal_cortex.o(i.HAL_NVIC_GetPriorityGrouping), (16 bytes).
    Removing stm32f7xx_hal_cortex.o(i.HAL_NVIC_SetPendingIRQ), (26 bytes).
    Removing stm32f7xx_hal_cortex.o(i.HAL_NVIC_SystemReset), (36 bytes).
    Removing stm32f7xx_hal_cortex.o(i.HAL_SYSTICK_CLKSourceConfig), (24 bytes).
    Removing stm32f7xx_hal_cortex.o(i.HAL_SYSTICK_Callback), (2 bytes).
    Removing stm32f7xx_hal_cortex.o(i.HAL_SYSTICK_IRQHandler), (8 bytes).
    Removing stm32f7xx_hal.o(.rev16_text), (4 bytes).
    Removing stm32f7xx_hal.o(.revsh_text), (4 bytes).
    Removing stm32f7xx_hal.o(.rrx_text), (6 bytes).
    Removing stm32f7xx_hal.o(i.HAL_DBGMCU_DisableDBGSleepMode), (16 bytes).
    Removing stm32f7xx_hal.o(i.HAL_DBGMCU_DisableDBGStandbyMode), (16 bytes).
    Removing stm32f7xx_hal.o(i.HAL_DBGMCU_DisableDBGStopMode), (16 bytes).
    Removing stm32f7xx_hal.o(i.HAL_DBGMCU_EnableDBGSleepMode), (16 bytes).
    Removing stm32f7xx_hal.o(i.HAL_DBGMCU_EnableDBGStandbyMode), (16 bytes).
    Removing stm32f7xx_hal.o(i.HAL_DBGMCU_EnableDBGStopMode), (16 bytes).
    Removing stm32f7xx_hal.o(i.HAL_DeInit), (52 bytes).
    Removing stm32f7xx_hal.o(i.HAL_Delay), (36 bytes).
    Removing stm32f7xx_hal.o(i.HAL_DisableCompensationCell), (16 bytes).
    Removing stm32f7xx_hal.o(i.HAL_DisableFMCMemorySwapping), (16 bytes).
    Removing stm32f7xx_hal.o(i.HAL_EnableCompensationCell), (16 bytes).
    Removing stm32f7xx_hal.o(i.HAL_EnableFMCMemorySwapping), (16 bytes).
    Removing stm32f7xx_hal.o(i.HAL_GetDEVID), (16 bytes).
    Removing stm32f7xx_hal.o(i.HAL_GetHalVersion), (8 bytes).
    Removing stm32f7xx_hal.o(i.HAL_GetREVID), (12 bytes).
    Removing stm32f7xx_hal.o(i.HAL_GetTickFreq), (12 bytes).
    Removing stm32f7xx_hal.o(i.HAL_GetTickPrio), (12 bytes).
    Removing stm32f7xx_hal.o(i.HAL_GetUIDw0), (12 bytes).
    Removing stm32f7xx_hal.o(i.HAL_GetUIDw1), (12 bytes).
    Removing stm32f7xx_hal.o(i.HAL_GetUIDw2), (12 bytes).
    Removing stm32f7xx_hal.o(i.HAL_MspDeInit), (2 bytes).
    Removing stm32f7xx_hal.o(i.HAL_MspInit), (2 bytes).
    Removing stm32f7xx_hal.o(i.HAL_ResumeTick), (14 bytes).
    Removing stm32f7xx_hal.o(i.HAL_SetTickFreq), (36 bytes).
    Removing stm32f7xx_hal.o(i.HAL_SuspendTick), (14 bytes).
    Removing stm32f7xx_hal_i2c.o(.rev16_text), (4 bytes).
    Removing stm32f7xx_hal_i2c.o(.revsh_text), (4 bytes).
    Removing stm32f7xx_hal_i2c.o(.rrx_text), (6 bytes).
    Removing stm32f7xx_hal_i2c.o(i.HAL_I2C_AbortCpltCallback), (2 bytes).
    Removing stm32f7xx_hal_i2c.o(i.HAL_I2C_AddrCallback), (2 bytes).
    Removing stm32f7xx_hal_i2c.o(i.HAL_I2C_DeInit), (52 bytes).
    Removing stm32f7xx_hal_i2c.o(i.HAL_I2C_DisableListen_IT), (54 bytes).
    Removing stm32f7xx_hal_i2c.o(i.HAL_I2C_ER_IRQHandler), (104 bytes).
    Removing stm32f7xx_hal_i2c.o(i.HAL_I2C_EV_IRQHandler), (16 bytes).
    Removing stm32f7xx_hal_i2c.o(i.HAL_I2C_EnableListen_IT), (40 bytes).
    Removing stm32f7xx_hal_i2c.o(i.HAL_I2C_ErrorCallback), (2 bytes).
    Removing stm32f7xx_hal_i2c.o(i.HAL_I2C_GetError), (4 bytes).
    Removing stm32f7xx_hal_i2c.o(i.HAL_I2C_GetMode), (6 bytes).
    Removing stm32f7xx_hal_i2c.o(i.HAL_I2C_GetState), (6 bytes).
    Removing stm32f7xx_hal_i2c.o(i.HAL_I2C_Init), (184 bytes).
    Removing stm32f7xx_hal_i2c.o(i.HAL_I2C_IsDeviceReady), (304 bytes).
    Removing stm32f7xx_hal_i2c.o(i.HAL_I2C_ListenCpltCallback), (2 bytes).
    Removing stm32f7xx_hal_i2c.o(i.HAL_I2C_MasterRxCpltCallback), (2 bytes).
    Removing stm32f7xx_hal_i2c.o(i.HAL_I2C_MasterTxCpltCallback), (2 bytes).
    Removing stm32f7xx_hal_i2c.o(i.HAL_I2C_Master_Abort_IT), (124 bytes).
    Removing stm32f7xx_hal_i2c.o(i.HAL_I2C_Master_Receive), (292 bytes).
    Removing stm32f7xx_hal_i2c.o(i.HAL_I2C_Master_Receive_DMA), (300 bytes).
    Removing stm32f7xx_hal_i2c.o(i.HAL_I2C_Master_Receive_IT), (132 bytes).
    Removing stm32f7xx_hal_i2c.o(i.HAL_I2C_Master_Seq_Receive_DMA), (324 bytes).
    Removing stm32f7xx_hal_i2c.o(i.HAL_I2C_Master_Seq_Receive_IT), (160 bytes).
    Removing stm32f7xx_hal_i2c.o(i.HAL_I2C_Master_Seq_Transmit_DMA), (324 bytes).
    Removing stm32f7xx_hal_i2c.o(i.HAL_I2C_Master_Seq_Transmit_IT), (160 bytes).
    Removing stm32f7xx_hal_i2c.o(i.HAL_I2C_Master_Transmit), (292 bytes).
    Removing stm32f7xx_hal_i2c.o(i.HAL_I2C_Master_Transmit_DMA), (308 bytes).
    Removing stm32f7xx_hal_i2c.o(i.HAL_I2C_Master_Transmit_IT), (132 bytes).
    Removing stm32f7xx_hal_i2c.o(i.HAL_I2C_MemRxCpltCallback), (2 bytes).
    Removing stm32f7xx_hal_i2c.o(i.HAL_I2C_MemTxCpltCallback), (2 bytes).
    Removing stm32f7xx_hal_i2c.o(i.HAL_I2C_Mem_Read), (356 bytes).
    Removing stm32f7xx_hal_i2c.o(i.HAL_I2C_Mem_Read_DMA), (280 bytes).
    Removing stm32f7xx_hal_i2c.o(i.HAL_I2C_Mem_Read_IT), (168 bytes).
    Removing stm32f7xx_hal_i2c.o(i.HAL_I2C_Mem_Write), (344 bytes).
    Removing stm32f7xx_hal_i2c.o(i.HAL_I2C_Mem_Write_DMA), (272 bytes).
    Removing stm32f7xx_hal_i2c.o(i.HAL_I2C_Mem_Write_IT), (168 bytes).
    Removing stm32f7xx_hal_i2c.o(i.HAL_I2C_MspDeInit), (2 bytes).
    Removing stm32f7xx_hal_i2c.o(i.HAL_I2C_MspInit), (2 bytes).
    Removing stm32f7xx_hal_i2c.o(i.HAL_I2C_SlaveRxCpltCallback), (2 bytes).
    Removing stm32f7xx_hal_i2c.o(i.HAL_I2C_SlaveTxCpltCallback), (2 bytes).
    Removing stm32f7xx_hal_i2c.o(i.HAL_I2C_Slave_Receive), (312 bytes).
    Removing stm32f7xx_hal_i2c.o(i.HAL_I2C_Slave_Receive_DMA), (232 bytes).
    Removing stm32f7xx_hal_i2c.o(i.HAL_I2C_Slave_Receive_IT), (96 bytes).
    Removing stm32f7xx_hal_i2c.o(i.HAL_I2C_Slave_Seq_Receive_DMA), (368 bytes).
    Removing stm32f7xx_hal_i2c.o(i.HAL_I2C_Slave_Seq_Receive_IT), (208 bytes).
    Removing stm32f7xx_hal_i2c.o(i.HAL_I2C_Slave_Seq_Transmit_DMA), (364 bytes).
    Removing stm32f7xx_hal_i2c.o(i.HAL_I2C_Slave_Seq_Transmit_IT), (208 bytes).
    Removing stm32f7xx_hal_i2c.o(i.HAL_I2C_Slave_Transmit), (318 bytes).
    Removing stm32f7xx_hal_i2c.o(i.HAL_I2C_Slave_Transmit_DMA), (224 bytes).
    Removing stm32f7xx_hal_i2c.o(i.HAL_I2C_Slave_Transmit_IT), (96 bytes).
    Removing stm32f7xx_hal_i2c.o(i.I2C_ConvertOtherXferOptions), (26 bytes).
    Removing stm32f7xx_hal_i2c.o(i.I2C_DMAAbort), (20 bytes).
    Removing stm32f7xx_hal_i2c.o(i.I2C_DMAError), (66 bytes).
    Removing stm32f7xx_hal_i2c.o(i.I2C_DMAMasterReceiveCplt), (82 bytes).
    Removing stm32f7xx_hal_i2c.o(i.I2C_DMAMasterTransmitCplt), (82 bytes).
    Removing stm32f7xx_hal_i2c.o(i.I2C_DMASlaveReceiveCplt), (36 bytes).
    Removing stm32f7xx_hal_i2c.o(i.I2C_DMASlaveTransmitCplt), (30 bytes).
    Removing stm32f7xx_hal_i2c.o(i.I2C_Disable_IRQ), (96 bytes).
    Removing stm32f7xx_hal_i2c.o(i.I2C_Enable_IRQ), (112 bytes).
    Removing stm32f7xx_hal_i2c.o(i.I2C_Flush_TXDR), (34 bytes).
    Removing stm32f7xx_hal_i2c.o(i.I2C_ITAddrCplt), (148 bytes).
    Removing stm32f7xx_hal_i2c.o(i.I2C_ITError), (248 bytes).
    Removing stm32f7xx_hal_i2c.o(i.I2C_ITListenCplt), (100 bytes).
    Removing stm32f7xx_hal_i2c.o(i.I2C_ITMasterCplt), (244 bytes).
    Removing stm32f7xx_hal_i2c.o(i.I2C_ITMasterSeqCplt), (80 bytes).
    Removing stm32f7xx_hal_i2c.o(i.I2C_ITSlaveCplt), (304 bytes).
    Removing stm32f7xx_hal_i2c.o(i.I2C_ITSlaveSeqCplt), (114 bytes).
    Removing stm32f7xx_hal_i2c.o(i.I2C_IsErrorOccurred), (272 bytes).
    Removing stm32f7xx_hal_i2c.o(i.I2C_Master_ISR_DMA), (272 bytes).
    Removing stm32f7xx_hal_i2c.o(i.I2C_Master_ISR_IT), (296 bytes).
    Removing stm32f7xx_hal_i2c.o(i.I2C_Mem_ISR_DMA), (300 bytes).
    Removing stm32f7xx_hal_i2c.o(i.I2C_Mem_ISR_IT), (296 bytes).
    Removing stm32f7xx_hal_i2c.o(i.I2C_RequestMemoryRead), (100 bytes).
    Removing stm32f7xx_hal_i2c.o(i.I2C_RequestMemoryWrite), (100 bytes).
    Removing stm32f7xx_hal_i2c.o(i.I2C_Slave_ISR_DMA), (266 bytes).
    Removing stm32f7xx_hal_i2c.o(i.I2C_Slave_ISR_IT), (288 bytes).
    Removing stm32f7xx_hal_i2c.o(i.I2C_TransferConfig), (48 bytes).
    Removing stm32f7xx_hal_i2c.o(i.I2C_TreatErrorCallback), (42 bytes).
    Removing stm32f7xx_hal_i2c.o(i.I2C_WaitOnFlagUntilTimeout), (90 bytes).
    Removing stm32f7xx_hal_i2c.o(i.I2C_WaitOnRXNEFlagUntilTimeout), (156 bytes).
    Removing stm32f7xx_hal_i2c.o(i.I2C_WaitOnSTOPFlagUntilTimeout), (78 bytes).
    Removing stm32f7xx_hal_i2c.o(i.I2C_WaitOnTXISFlagUntilTimeout), (82 bytes).
    Removing stm32f7xx_hal_i2c_ex.o(.rev16_text), (4 bytes).
    Removing stm32f7xx_hal_i2c_ex.o(.revsh_text), (4 bytes).
    Removing stm32f7xx_hal_i2c_ex.o(.rrx_text), (6 bytes).
    Removing stm32f7xx_hal_i2c_ex.o(i.HAL_I2CEx_ConfigAnalogFilter), (88 bytes).
    Removing stm32f7xx_hal_i2c_ex.o(i.HAL_I2CEx_ConfigDigitalFilter), (84 bytes).
    Removing stm32f7xx_hal_i2c_ex.o(i.HAL_I2CEx_DisableFastModePlus), (40 bytes).
    Removing stm32f7xx_hal_i2c_ex.o(i.HAL_I2CEx_EnableFastModePlus), (40 bytes).
    Removing stm32f7xx_hal_exti.o(.rev16_text), (4 bytes).
    Removing stm32f7xx_hal_exti.o(.revsh_text), (4 bytes).
    Removing stm32f7xx_hal_exti.o(.rrx_text), (6 bytes).
    Removing stm32f7xx_hal_exti.o(i.HAL_EXTI_ClearConfigLine), (108 bytes).
    Removing stm32f7xx_hal_exti.o(i.HAL_EXTI_ClearPending), (20 bytes).
    Removing stm32f7xx_hal_exti.o(i.HAL_EXTI_GenerateSWI), (20 bytes).
    Removing stm32f7xx_hal_exti.o(i.HAL_EXTI_GetConfigLine), (144 bytes).
    Removing stm32f7xx_hal_exti.o(i.HAL_EXTI_GetHandle), (12 bytes).
    Removing stm32f7xx_hal_exti.o(i.HAL_EXTI_GetPending), (24 bytes).
    Removing stm32f7xx_hal_exti.o(i.HAL_EXTI_IRQHandler), (40 bytes).
    Removing stm32f7xx_hal_exti.o(i.HAL_EXTI_RegisterCallback), (16 bytes).
    Removing stm32f7xx_hal_exti.o(i.HAL_EXTI_SetConfigLine), (164 bytes).
    Removing stm32f7xx_hal_ltdc.o(.rev16_text), (4 bytes).
    Removing stm32f7xx_hal_ltdc.o(.revsh_text), (4 bytes).
    Removing stm32f7xx_hal_ltdc.o(.rrx_text), (6 bytes).
    Removing stm32f7xx_hal_ltdc.o(i.HAL_LTDC_ConfigCLUT), (140 bytes).
    Removing stm32f7xx_hal_ltdc.o(i.HAL_LTDC_ConfigColorKeying), (64 bytes).
    Removing stm32f7xx_hal_ltdc.o(i.HAL_LTDC_ConfigColorKeying_NoReload), (60 bytes).
    Removing stm32f7xx_hal_ltdc.o(i.HAL_LTDC_ConfigLayer_NoReload), (78 bytes).
    Removing stm32f7xx_hal_ltdc.o(i.HAL_LTDC_DeInit), (106 bytes).
    Removing stm32f7xx_hal_ltdc.o(i.HAL_LTDC_DisableCLUT), (60 bytes).
    Removing stm32f7xx_hal_ltdc.o(i.HAL_LTDC_DisableCLUT_NoReload), (56 bytes).
    Removing stm32f7xx_hal_ltdc.o(i.HAL_LTDC_DisableColorKeying), (60 bytes).
    Removing stm32f7xx_hal_ltdc.o(i.HAL_LTDC_DisableColorKeying_NoReload), (56 bytes).
    Removing stm32f7xx_hal_ltdc.o(i.HAL_LTDC_DisableDither), (56 bytes).
    Removing stm32f7xx_hal_ltdc.o(i.HAL_LTDC_EnableCLUT), (60 bytes).
    Removing stm32f7xx_hal_ltdc.o(i.HAL_LTDC_EnableCLUT_NoReload), (56 bytes).
    Removing stm32f7xx_hal_ltdc.o(i.HAL_LTDC_EnableColorKeying), (60 bytes).
    Removing stm32f7xx_hal_ltdc.o(i.HAL_LTDC_EnableColorKeying_NoReload), (56 bytes).
    Removing stm32f7xx_hal_ltdc.o(i.HAL_LTDC_EnableDither), (56 bytes).
    Removing stm32f7xx_hal_ltdc.o(i.HAL_LTDC_ErrorCallback), (2 bytes).
    Removing stm32f7xx_hal_ltdc.o(i.HAL_LTDC_GetError), (6 bytes).
    Removing stm32f7xx_hal_ltdc.o(i.HAL_LTDC_GetState), (6 bytes).
    Removing stm32f7xx_hal_ltdc.o(i.HAL_LTDC_IRQHandler), (200 bytes).
    Removing stm32f7xx_hal_ltdc.o(i.HAL_LTDC_LineEventCallback), (2 bytes).
    Removing stm32f7xx_hal_ltdc.o(i.HAL_LTDC_MspDeInit), (2 bytes).
    Removing stm32f7xx_hal_ltdc.o(i.HAL_LTDC_MspInit), (2 bytes).
    Removing stm32f7xx_hal_ltdc.o(i.HAL_LTDC_ProgramLineEvent), (68 bytes).
    Removing stm32f7xx_hal_ltdc.o(i.HAL_LTDC_Reload), (54 bytes).
    Removing stm32f7xx_hal_ltdc.o(i.HAL_LTDC_ReloadEventCallback), (2 bytes).
    Removing stm32f7xx_hal_ltdc.o(i.HAL_LTDC_SetAddress), (68 bytes).
    Removing stm32f7xx_hal_ltdc.o(i.HAL_LTDC_SetAddress_NoReload), (64 bytes).
    Removing stm32f7xx_hal_ltdc.o(i.HAL_LTDC_SetAlpha), (68 bytes).
    Removing stm32f7xx_hal_ltdc.o(i.HAL_LTDC_SetAlpha_NoReload), (64 bytes).
    Removing stm32f7xx_hal_ltdc.o(i.HAL_LTDC_SetPitch), (148 bytes).
    Removing stm32f7xx_hal_ltdc.o(i.HAL_LTDC_SetPitch_NoReload), (124 bytes).
    Removing stm32f7xx_hal_ltdc.o(i.HAL_LTDC_SetPixelFormat), (68 bytes).
    Removing stm32f7xx_hal_ltdc.o(i.HAL_LTDC_SetPixelFormat_NoReload), (64 bytes).
    Removing stm32f7xx_hal_ltdc.o(i.HAL_LTDC_SetWindowPosition), (84 bytes).
    Removing stm32f7xx_hal_ltdc.o(i.HAL_LTDC_SetWindowPosition_NoReload), (80 bytes).
    Removing stm32f7xx_hal_ltdc.o(i.HAL_LTDC_SetWindowSize), (84 bytes).
    Removing stm32f7xx_hal_ltdc.o(i.HAL_LTDC_SetWindowSize_NoReload), (80 bytes).
    Removing stm32f7xx_hal_ltdc_ex.o(.rev16_text), (4 bytes).
    Removing stm32f7xx_hal_ltdc_ex.o(.revsh_text), (4 bytes).
    Removing stm32f7xx_hal_ltdc_ex.o(.rrx_text), (6 bytes).
    Removing stm32f7xx_hal_dsi.o(.rev16_text), (4 bytes).
    Removing stm32f7xx_hal_dsi.o(.revsh_text), (4 bytes).
    Removing stm32f7xx_hal_dsi.o(.rrx_text), (6 bytes).
    Removing stm32f7xx_hal_tim.o(.rev16_text), (4 bytes).
    Removing stm32f7xx_hal_tim.o(.revsh_text), (4 bytes).
    Removing stm32f7xx_hal_tim.o(.rrx_text), (6 bytes).
    Removing stm32f7xx_hal_tim.o(i.HAL_TIM_Base_DeInit), (100 bytes).
    Removing stm32f7xx_hal_tim.o(i.HAL_TIM_Base_GetState), (6 bytes).
    Removing stm32f7xx_hal_tim.o(i.HAL_TIM_Base_MspDeInit), (2 bytes).
    Removing stm32f7xx_hal_tim.o(i.HAL_TIM_Base_MspInit), (2 bytes).
    Removing stm32f7xx_hal_tim.o(i.HAL_TIM_Base_Start), (128 bytes).
    Removing stm32f7xx_hal_tim.o(i.HAL_TIM_Base_Start_DMA), (200 bytes).
    Removing stm32f7xx_hal_tim.o(i.HAL_TIM_Base_Start_IT), (140 bytes).
    Removing stm32f7xx_hal_tim.o(i.HAL_TIM_Base_Stop), (38 bytes).
    Removing stm32f7xx_hal_tim.o(i.HAL_TIM_Base_Stop_DMA), (58 bytes).
    Removing stm32f7xx_hal_tim.o(i.HAL_TIM_Base_Stop_IT), (48 bytes).
    Removing stm32f7xx_hal_tim.o(i.HAL_TIM_ConfigOCrefClear), (276 bytes).
    Removing stm32f7xx_hal_tim.o(i.HAL_TIM_ConfigTI1Input), (16 bytes).
    Removing stm32f7xx_hal_tim.o(i.HAL_TIM_DMABurstState), (6 bytes).
    Removing stm32f7xx_hal_tim.o(i.HAL_TIM_DMABurst_MultiReadStart), (332 bytes).
    Removing stm32f7xx_hal_tim.o(i.HAL_TIM_DMABurst_MultiWriteStart), (332 bytes).
    Removing stm32f7xx_hal_tim.o(i.HAL_TIM_DMABurst_ReadStart), (18 bytes).
    Removing stm32f7xx_hal_tim.o(i.HAL_TIM_DMABurst_ReadStop), (108 bytes).
    Removing stm32f7xx_hal_tim.o(i.HAL_TIM_DMABurst_WriteStart), (18 bytes).
    Removing stm32f7xx_hal_tim.o(i.HAL_TIM_DMABurst_WriteStop), (108 bytes).
    Removing stm32f7xx_hal_tim.o(i.HAL_TIM_Encoder_DeInit), (76 bytes).
    Removing stm32f7xx_hal_tim.o(i.HAL_TIM_Encoder_GetState), (6 bytes).
    Removing stm32f7xx_hal_tim.o(i.HAL_TIM_Encoder_Init), (188 bytes).
    Removing stm32f7xx_hal_tim.o(i.HAL_TIM_Encoder_MspDeInit), (2 bytes).
    Removing stm32f7xx_hal_tim.o(i.HAL_TIM_Encoder_MspInit), (2 bytes).
    Removing stm32f7xx_hal_tim.o(i.HAL_TIM_Encoder_Start), (142 bytes).
    Removing stm32f7xx_hal_tim.o(i.HAL_TIM_Encoder_Start_DMA), (432 bytes).
    Removing stm32f7xx_hal_tim.o(i.HAL_TIM_Encoder_Start_IT), (184 bytes).
    Removing stm32f7xx_hal_tim.o(i.HAL_TIM_Encoder_Stop), (112 bytes).
    Removing stm32f7xx_hal_tim.o(i.HAL_TIM_Encoder_Stop_DMA), (182 bytes).
    Removing stm32f7xx_hal_tim.o(i.HAL_TIM_Encoder_Stop_IT), (154 bytes).
    Removing stm32f7xx_hal_tim.o(i.HAL_TIM_ErrorCallback), (2 bytes).
    Removing stm32f7xx_hal_tim.o(i.HAL_TIM_GenerateEvent), (40 bytes).
    Removing stm32f7xx_hal_tim.o(i.HAL_TIM_GetActiveChannel), (4 bytes).
    Removing stm32f7xx_hal_tim.o(i.HAL_TIM_GetChannelState), (54 bytes).
    Removing stm32f7xx_hal_tim.o(i.HAL_TIM_IC_CaptureCallback), (2 bytes).
    Removing stm32f7xx_hal_tim.o(i.HAL_TIM_IC_CaptureHalfCpltCallback), (2 bytes).
    Removing stm32f7xx_hal_tim.o(i.HAL_TIM_IC_ConfigChannel), (290 bytes).
    Removing stm32f7xx_hal_tim.o(i.HAL_TIM_IC_DeInit), (100 bytes).
    Removing stm32f7xx_hal_tim.o(i.HAL_TIM_IC_GetState), (6 bytes).
    Removing stm32f7xx_hal_tim.o(i.HAL_TIM_IC_Init), (98 bytes).
    Removing stm32f7xx_hal_tim.o(i.HAL_TIM_IC_MspDeInit), (2 bytes).
    Removing stm32f7xx_hal_tim.o(i.HAL_TIM_IC_MspInit), (2 bytes).
    Removing stm32f7xx_hal_tim.o(i.HAL_TIM_IC_Start), (284 bytes).
    Removing stm32f7xx_hal_tim.o(i.HAL_TIM_IC_Start_DMA), (516 bytes).
    Removing stm32f7xx_hal_tim.o(i.HAL_TIM_IC_Start_IT), (324 bytes).
    Removing stm32f7xx_hal_tim.o(i.HAL_TIM_IC_Stop), (118 bytes).
    Removing stm32f7xx_hal_tim.o(i.HAL_TIM_IC_Stop_DMA), (198 bytes).
    Removing stm32f7xx_hal_tim.o(i.HAL_TIM_IC_Stop_IT), (182 bytes).
    Removing stm32f7xx_hal_tim.o(i.HAL_TIM_IRQHandler), (386 bytes).
    Removing stm32f7xx_hal_tim.o(i.HAL_TIM_OC_ConfigChannel), (110 bytes).
    Removing stm32f7xx_hal_tim.o(i.HAL_TIM_OC_DeInit), (100 bytes).
    Removing stm32f7xx_hal_tim.o(i.HAL_TIM_OC_DelayElapsedCallback), (2 bytes).
    Removing stm32f7xx_hal_tim.o(i.HAL_TIM_OC_GetState), (6 bytes).
    Removing stm32f7xx_hal_tim.o(i.HAL_TIM_OC_Init), (98 bytes).
    Removing stm32f7xx_hal_tim.o(i.HAL_TIM_OC_MspDeInit), (2 bytes).
    Removing stm32f7xx_hal_tim.o(i.HAL_TIM_OC_MspInit), (2 bytes).
    Removing stm32f7xx_hal_tim.o(i.HAL_TIM_OC_Start), (248 bytes).
    Removing stm32f7xx_hal_tim.o(i.HAL_TIM_OC_Start_DMA), (504 bytes).
    Removing stm32f7xx_hal_tim.o(i.HAL_TIM_OC_Start_IT), (296 bytes).
    Removing stm32f7xx_hal_tim.o(i.HAL_TIM_OC_Stop), (144 bytes).
    Removing stm32f7xx_hal_tim.o(i.HAL_TIM_OC_Stop_DMA), (228 bytes).
    Removing stm32f7xx_hal_tim.o(i.HAL_TIM_OC_Stop_IT), (208 bytes).
    Removing stm32f7xx_hal_tim.o(i.HAL_TIM_OnePulse_ConfigChannel), (240 bytes).
    Removing stm32f7xx_hal_tim.o(i.HAL_TIM_OnePulse_DeInit), (76 bytes).
    Removing stm32f7xx_hal_tim.o(i.HAL_TIM_OnePulse_GetState), (6 bytes).
    Removing stm32f7xx_hal_tim.o(i.HAL_TIM_OnePulse_Init), (94 bytes).
    Removing stm32f7xx_hal_tim.o(i.HAL_TIM_OnePulse_MspDeInit), (2 bytes).
    Removing stm32f7xx_hal_tim.o(i.HAL_TIM_OnePulse_MspInit), (2 bytes).
    Removing stm32f7xx_hal_tim.o(i.HAL_TIM_OnePulse_Start), (112 bytes).
    Removing stm32f7xx_hal_tim.o(i.HAL_TIM_OnePulse_Start_IT), (132 bytes).
    Removing stm32f7xx_hal_tim.o(i.HAL_TIM_OnePulse_Stop), (116 bytes).
    Removing stm32f7xx_hal_tim.o(i.HAL_TIM_OnePulse_Stop_IT), (136 bytes).
    Removing stm32f7xx_hal_tim.o(i.HAL_TIM_PWM_DeInit), (100 bytes).
    Removing stm32f7xx_hal_tim.o(i.HAL_TIM_PWM_GetState), (6 bytes).
    Removing stm32f7xx_hal_tim.o(i.HAL_TIM_PWM_MspDeInit), (2 bytes).
    Removing stm32f7xx_hal_tim.o(i.HAL_TIM_PWM_PulseFinishedCallback), (2 bytes).
    Removing stm32f7xx_hal_tim.o(i.HAL_TIM_PWM_PulseFinishedHalfCpltCallback), (2 bytes).
    Removing stm32f7xx_hal_tim.o(i.HAL_TIM_PWM_Start), (248 bytes).
    Removing stm32f7xx_hal_tim.o(i.HAL_TIM_PWM_Start_DMA), (504 bytes).
    Removing stm32f7xx_hal_tim.o(i.HAL_TIM_PWM_Start_IT), (296 bytes).
    Removing stm32f7xx_hal_tim.o(i.HAL_TIM_PWM_Stop), (144 bytes).
    Removing stm32f7xx_hal_tim.o(i.HAL_TIM_PWM_Stop_DMA), (228 bytes).
    Removing stm32f7xx_hal_tim.o(i.HAL_TIM_PWM_Stop_IT), (208 bytes).
    Removing stm32f7xx_hal_tim.o(i.HAL_TIM_PeriodElapsedCallback), (2 bytes).
    Removing stm32f7xx_hal_tim.o(i.HAL_TIM_PeriodElapsedHalfCpltCallback), (2 bytes).
    Removing stm32f7xx_hal_tim.o(i.HAL_TIM_ReadCapturedValue), (44 bytes).
    Removing stm32f7xx_hal_tim.o(i.HAL_TIM_SlaveConfigSynchro), (86 bytes).
    Removing stm32f7xx_hal_tim.o(i.HAL_TIM_SlaveConfigSynchro_IT), (86 bytes).
    Removing stm32f7xx_hal_tim.o(i.HAL_TIM_TriggerCallback), (2 bytes).
    Removing stm32f7xx_hal_tim.o(i.HAL_TIM_TriggerHalfCpltCallback), (2 bytes).
    Removing stm32f7xx_hal_tim.o(i.TIM_CCxChannelCmd), (26 bytes).
    Removing stm32f7xx_hal_tim.o(i.TIM_DMACaptureCplt), (110 bytes).
    Removing stm32f7xx_hal_tim.o(i.TIM_DMACaptureHalfCplt), (56 bytes).
    Removing stm32f7xx_hal_tim.o(i.TIM_DMADelayPulseCplt), (94 bytes).
    Removing stm32f7xx_hal_tim.o(i.TIM_DMADelayPulseHalfCplt), (56 bytes).
    Removing stm32f7xx_hal_tim.o(i.TIM_DMAError), (84 bytes).
    Removing stm32f7xx_hal_tim.o(i.TIM_DMAPeriodElapsedCplt), (22 bytes).
    Removing stm32f7xx_hal_tim.o(i.TIM_DMAPeriodElapsedHalfCplt), (10 bytes).
    Removing stm32f7xx_hal_tim.o(i.TIM_DMATriggerCplt), (22 bytes).
    Removing stm32f7xx_hal_tim.o(i.TIM_DMATriggerHalfCplt), (10 bytes).
    Removing stm32f7xx_hal_tim.o(i.TIM_SlaveTimer_SetConfig), (148 bytes).
    Removing stm32f7xx_hal_tim.o(i.TIM_TI1_SetConfig), (128 bytes).
    Removing stm32f7xx_hal_tim.o(i.TIM_TI2_SetConfig), (54 bytes).
    Removing stm32f7xx_hal_tim_ex.o(.rev16_text), (4 bytes).
    Removing stm32f7xx_hal_tim_ex.o(.revsh_text), (4 bytes).
    Removing stm32f7xx_hal_tim_ex.o(.rrx_text), (6 bytes).
    Removing stm32f7xx_hal_tim_ex.o(i.HAL_TIMEx_Break2Callback), (2 bytes).
    Removing stm32f7xx_hal_tim_ex.o(i.HAL_TIMEx_BreakCallback), (2 bytes).
    Removing stm32f7xx_hal_tim_ex.o(i.HAL_TIMEx_CommutCallback), (2 bytes).
    Removing stm32f7xx_hal_tim_ex.o(i.HAL_TIMEx_CommutHalfCpltCallback), (2 bytes).
    Removing stm32f7xx_hal_tim_ex.o(i.HAL_TIMEx_ConfigBreakDeadTime), (160 bytes).
    Removing stm32f7xx_hal_tim_ex.o(i.HAL_TIMEx_ConfigCommutEvent), (112 bytes).
    Removing stm32f7xx_hal_tim_ex.o(i.HAL_TIMEx_ConfigCommutEvent_DMA), (144 bytes).
    Removing stm32f7xx_hal_tim_ex.o(i.HAL_TIMEx_ConfigCommutEvent_IT), (112 bytes).
    Removing stm32f7xx_hal_tim_ex.o(i.HAL_TIMEx_GetChannelNState), (34 bytes).
    Removing stm32f7xx_hal_tim_ex.o(i.HAL_TIMEx_GroupChannel5), (58 bytes).
    Removing stm32f7xx_hal_tim_ex.o(i.HAL_TIMEx_HallSensor_DeInit), (76 bytes).
    Removing stm32f7xx_hal_tim_ex.o(i.HAL_TIMEx_HallSensor_GetState), (6 bytes).
    Removing stm32f7xx_hal_tim_ex.o(i.HAL_TIMEx_HallSensor_Init), (212 bytes).
    Removing stm32f7xx_hal_tim_ex.o(i.HAL_TIMEx_HallSensor_MspDeInit), (2 bytes).
    Removing stm32f7xx_hal_tim_ex.o(i.HAL_TIMEx_HallSensor_MspInit), (2 bytes).
    Removing stm32f7xx_hal_tim_ex.o(i.HAL_TIMEx_HallSensor_Start), (180 bytes).
    Removing stm32f7xx_hal_tim_ex.o(i.HAL_TIMEx_HallSensor_Start_DMA), (232 bytes).
    Removing stm32f7xx_hal_tim_ex.o(i.HAL_TIMEx_HallSensor_Start_IT), (188 bytes).
    Removing stm32f7xx_hal_tim_ex.o(i.HAL_TIMEx_HallSensor_Stop), (64 bytes).
    Removing stm32f7xx_hal_tim_ex.o(i.HAL_TIMEx_HallSensor_Stop_DMA), (72 bytes).
    Removing stm32f7xx_hal_tim_ex.o(i.HAL_TIMEx_HallSensor_Stop_IT), (74 bytes).
    Removing stm32f7xx_hal_tim_ex.o(i.HAL_TIMEx_OCN_Start), (204 bytes).
    Removing stm32f7xx_hal_tim_ex.o(i.HAL_TIMEx_OCN_Start_DMA), (404 bytes).
    Removing stm32f7xx_hal_tim_ex.o(i.HAL_TIMEx_OCN_Start_IT), (248 bytes).
    Removing stm32f7xx_hal_tim_ex.o(i.HAL_TIMEx_OCN_Stop), (104 bytes).
    Removing stm32f7xx_hal_tim_ex.o(i.HAL_TIMEx_OCN_Stop_DMA), (168 bytes).
    Removing stm32f7xx_hal_tim_ex.o(i.HAL_TIMEx_OCN_Stop_IT), (172 bytes).
    Removing stm32f7xx_hal_tim_ex.o(i.HAL_TIMEx_OnePulseN_Start), (100 bytes).
    Removing stm32f7xx_hal_tim_ex.o(i.HAL_TIMEx_OnePulseN_Start_IT), (120 bytes).
    Removing stm32f7xx_hal_tim_ex.o(i.HAL_TIMEx_OnePulseN_Stop), (102 bytes).
    Removing stm32f7xx_hal_tim_ex.o(i.HAL_TIMEx_OnePulseN_Stop_IT), (124 bytes).
    Removing stm32f7xx_hal_tim_ex.o(i.HAL_TIMEx_PWMN_Start), (204 bytes).
    Removing stm32f7xx_hal_tim_ex.o(i.HAL_TIMEx_PWMN_Start_DMA), (404 bytes).
    Removing stm32f7xx_hal_tim_ex.o(i.HAL_TIMEx_PWMN_Start_IT), (248 bytes).
    Removing stm32f7xx_hal_tim_ex.o(i.HAL_TIMEx_PWMN_Stop), (104 bytes).
    Removing stm32f7xx_hal_tim_ex.o(i.HAL_TIMEx_PWMN_Stop_DMA), (168 bytes).
    Removing stm32f7xx_hal_tim_ex.o(i.HAL_TIMEx_PWMN_Stop_IT), (172 bytes).
    Removing stm32f7xx_hal_tim_ex.o(i.HAL_TIMEx_RemapConfig), (34 bytes).
    Removing stm32f7xx_hal_tim_ex.o(i.TIMEx_DMACommutationCplt), (16 bytes).
    Removing stm32f7xx_hal_tim_ex.o(i.TIMEx_DMACommutationHalfCplt), (16 bytes).
    Removing stm32f7xx_hal_tim_ex.o(i.TIM_CCxNChannelCmd), (26 bytes).
    Removing stm32f7xx_hal_tim_ex.o(i.TIM_DMADelayPulseNCplt), (94 bytes).
    Removing stm32f7xx_hal_tim_ex.o(i.TIM_DMAErrorCCxN), (62 bytes).
    Removing system_stm32f7xx.o(.rev16_text), (4 bytes).
    Removing system_stm32f7xx.o(.revsh_text), (4 bytes).
    Removing system_stm32f7xx.o(.rrx_text), (6 bytes).
    Removing system_stm32f7xx.o(i.SystemCoreClockUpdate), (132 bytes).
    Removing system_stm32f7xx.o(.constdata), (8 bytes).
    Removing ui.o(i.ui_init), (80 bytes).
    Removing ui.o(.data), (8 bytes).
    Removing ui.o(.data), (4 bytes).
    Removing ui.o(.data), (4 bytes).
    Removing ui_helpers.o(i._ui_anim_callback_free_user_data), (16 bytes).
    Removing ui_helpers.o(i._ui_anim_callback_get_height), (8 bytes).
    Removing ui_helpers.o(i._ui_anim_callback_get_image_angle), (8 bytes).
    Removing ui_helpers.o(i._ui_anim_callback_get_image_frame), (6 bytes).
    Removing ui_helpers.o(i._ui_anim_callback_get_image_zoom), (8 bytes).
    Removing ui_helpers.o(i._ui_anim_callback_get_opacity), (18 bytes).
    Removing ui_helpers.o(i._ui_anim_callback_get_width), (8 bytes).
    Removing ui_helpers.o(i._ui_anim_callback_get_x), (8 bytes).
    Removing ui_helpers.o(i._ui_anim_callback_get_y), (8 bytes).
    Removing ui_helpers.o(i._ui_anim_callback_set_height), (10 bytes).
    Removing ui_helpers.o(i._ui_anim_callback_set_image_angle), (10 bytes).
    Removing ui_helpers.o(i._ui_anim_callback_set_image_frame), (30 bytes).
    Removing ui_helpers.o(i._ui_anim_callback_set_image_zoom), (10 bytes).
    Removing ui_helpers.o(i._ui_anim_callback_set_opacity), (12 bytes).
    Removing ui_helpers.o(i._ui_anim_callback_set_width), (10 bytes).
    Removing ui_helpers.o(i._ui_anim_callback_set_x), (10 bytes).
    Removing ui_helpers.o(i._ui_anim_callback_set_y), (10 bytes).
    Removing ui_helpers.o(i._ui_arc_increment), (34 bytes).
    Removing ui_helpers.o(i._ui_arc_set_text_value), (52 bytes).
    Removing ui_helpers.o(i._ui_bar_increment), (26 bytes).
    Removing ui_helpers.o(i._ui_bar_set_property), (24 bytes).
    Removing ui_helpers.o(i._ui_basic_set_property), (36 bytes).
    Removing ui_helpers.o(i._ui_checked_set_text_value), (36 bytes).
    Removing ui_helpers.o(i._ui_dropdown_set_property), (12 bytes).
    Removing ui_helpers.o(i._ui_flag_modify), (40 bytes).
    Removing ui_helpers.o(i._ui_image_set_property), (12 bytes).
    Removing ui_helpers.o(i._ui_keyboard_set_target), (4 bytes).
    Removing ui_helpers.o(i._ui_label_set_property), (12 bytes).
    Removing ui_helpers.o(i._ui_opacity_set), (8 bytes).
    Removing ui_helpers.o(i._ui_roller_set_property), (24 bytes).
    Removing ui_helpers.o(i._ui_screen_change), (36 bytes).
    Removing ui_helpers.o(i._ui_screen_delete), (12 bytes).
    Removing ui_helpers.o(i._ui_slider_increment), (36 bytes).
    Removing ui_helpers.o(i._ui_slider_set_property), (24 bytes).
    Removing ui_helpers.o(i._ui_slider_set_text_value), (52 bytes).
    Removing ui_helpers.o(i._ui_spinbox_step), (32 bytes).
    Removing ui_helpers.o(i._ui_state_modify), (44 bytes).
    Removing ui_helpers.o(i.scr_unloaded_delete_cb), (20 bytes).
    Removing ui_screen1.o(i.ui_Screen1_screen_init), (272 bytes).
    Removing ui_screen1.o(.data), (12 bytes).
    Removing img_benchmark_cogwheel_alpha16.o(.constdata), (5000 bytes).
    Removing img_benchmark_cogwheel_alpha16.o(.constdata), (12 bytes).
    Removing img_benchmark_cogwheel_argb.o(.constdata), (30000 bytes).
    Removing img_benchmark_cogwheel_argb.o(.constdata), (12 bytes).
    Removing img_benchmark_cogwheel_chroma_keyed.o(.constdata), (20000 bytes).
    Removing img_benchmark_cogwheel_chroma_keyed.o(.constdata), (12 bytes).
    Removing img_benchmark_cogwheel_indexed16.o(.constdata), (5064 bytes).
    Removing img_benchmark_cogwheel_indexed16.o(.constdata), (12 bytes).
    Removing img_benchmark_cogwheel_rgb.o(.constdata), (20000 bytes).
    Removing img_benchmark_cogwheel_rgb.o(.constdata), (12 bytes).
    Removing img_benchmark_cogwheel_rgb565a8.o(.constdata), (30000 bytes).
    Removing img_benchmark_cogwheel_rgb565a8.o(.constdata), (12 bytes).
    Removing lv_font_bechmark_montserrat_12_compr_az.c.o(.constdata), (628 bytes).
    Removing lv_font_bechmark_montserrat_12_compr_az.c.o(.constdata), (224 bytes).
    Removing lv_font_bechmark_montserrat_12_compr_az.c.o(.constdata), (40 bytes).
    Removing lv_font_bechmark_montserrat_12_compr_az.c.o(.constdata), (28 bytes).
    Removing lv_font_bechmark_montserrat_12_compr_az.c.o(.constdata), (28 bytes).
    Removing lv_font_bechmark_montserrat_12_compr_az.c.o(.constdata), (154 bytes).
    Removing lv_font_bechmark_montserrat_12_compr_az.c.o(.constdata), (16 bytes).
    Removing lv_font_bechmark_montserrat_12_compr_az.c.o(.data), (24 bytes).
    Removing lv_font_bechmark_montserrat_12_compr_az.c.o(.data), (28 bytes).
    Removing lv_font_bechmark_montserrat_16_compr_az.c.o(.constdata), (940 bytes).
    Removing lv_font_bechmark_montserrat_16_compr_az.c.o(.constdata), (224 bytes).
    Removing lv_font_bechmark_montserrat_16_compr_az.c.o(.constdata), (40 bytes).
    Removing lv_font_bechmark_montserrat_16_compr_az.c.o(.constdata), (28 bytes).
    Removing lv_font_bechmark_montserrat_16_compr_az.c.o(.constdata), (28 bytes).
    Removing lv_font_bechmark_montserrat_16_compr_az.c.o(.constdata), (154 bytes).
    Removing lv_font_bechmark_montserrat_16_compr_az.c.o(.constdata), (16 bytes).
    Removing lv_font_bechmark_montserrat_16_compr_az.c.o(.data), (24 bytes).
    Removing lv_font_bechmark_montserrat_16_compr_az.c.o(.data), (28 bytes).
    Removing lv_font_bechmark_montserrat_28_compr_az.c.o(.constdata), (2148 bytes).
    Removing lv_font_bechmark_montserrat_28_compr_az.c.o(.constdata), (224 bytes).
    Removing lv_font_bechmark_montserrat_28_compr_az.c.o(.constdata), (40 bytes).
    Removing lv_font_bechmark_montserrat_28_compr_az.c.o(.constdata), (28 bytes).
    Removing lv_font_bechmark_montserrat_28_compr_az.c.o(.constdata), (28 bytes).
    Removing lv_font_bechmark_montserrat_28_compr_az.c.o(.constdata), (154 bytes).
    Removing lv_font_bechmark_montserrat_28_compr_az.c.o(.constdata), (16 bytes).
    Removing lv_font_bechmark_montserrat_28_compr_az.c.o(.data), (24 bytes).
    Removing lv_font_bechmark_montserrat_28_compr_az.c.o(.data), (28 bytes).
    Removing lv_demo_benchmark.o(i.arc_anim_end_angle_cb), (6 bytes).
    Removing lv_demo_benchmark.o(i.arc_create), (212 bytes).
    Removing lv_demo_benchmark.o(i.arc_thick_cb), (52 bytes).
    Removing lv_demo_benchmark.o(i.arc_think_cb), (52 bytes).
    Removing lv_demo_benchmark.o(i.benchmark_init), (188 bytes).
    Removing lv_demo_benchmark.o(i.border_cb), (52 bytes).
    Removing lv_demo_benchmark.o(i.border_circle_cb), (60 bytes).
    Removing lv_demo_benchmark.o(i.border_left_cb), (68 bytes).
    Removing lv_demo_benchmark.o(i.border_left_right_cb), (68 bytes).
    Removing lv_demo_benchmark.o(i.border_rounded_cb), (60 bytes).
    Removing lv_demo_benchmark.o(i.border_top_bottom_cb), (68 bytes).
    Removing lv_demo_benchmark.o(i.border_top_cb), (68 bytes).
    Removing lv_demo_benchmark.o(i.border_top_left_cb), (68 bytes).
    Removing lv_demo_benchmark.o(i.fall_anim), (124 bytes).
    Removing lv_demo_benchmark.o(i.fall_anim_y_cb), (6 bytes).
    Removing lv_demo_benchmark.o(i.generate_report), (712 bytes).
    Removing lv_demo_benchmark.o(i.img_alpha_cb), (56 bytes).
    Removing lv_demo_benchmark.o(i.img_argb_cb), (56 bytes).
    Removing lv_demo_benchmark.o(i.img_argb_recolor_cb), (64 bytes).
    Removing lv_demo_benchmark.o(i.img_argb_rot_aa_cb), (56 bytes).
    Removing lv_demo_benchmark.o(i.img_argb_rot_cb), (56 bytes).
    Removing lv_demo_benchmark.o(i.img_argb_zoom_aa_cb), (56 bytes).
    Removing lv_demo_benchmark.o(i.img_argb_zoom_cb), (56 bytes).
    Removing lv_demo_benchmark.o(i.img_ckey_cb), (56 bytes).
    Removing lv_demo_benchmark.o(i.img_ckey_recolor_cb), (64 bytes).
    Removing lv_demo_benchmark.o(i.img_create), (216 bytes).
    Removing lv_demo_benchmark.o(i.img_index_cb), (56 bytes).
    Removing lv_demo_benchmark.o(i.img_index_recolor_cb), (64 bytes).
    Removing lv_demo_benchmark.o(i.img_rgb_cb), (56 bytes).
    Removing lv_demo_benchmark.o(i.img_rgb_recolor_cb), (64 bytes).
    Removing lv_demo_benchmark.o(i.img_rgb_rot_aa_cb), (56 bytes).
    Removing lv_demo_benchmark.o(i.img_rgb_rot_cb), (56 bytes).
    Removing lv_demo_benchmark.o(i.img_rgb_zoom_aa_cb), (56 bytes).
    Removing lv_demo_benchmark.o(i.img_rgb_zoom_cb), (56 bytes).
    Removing lv_demo_benchmark.o(i.line_cb), (52 bytes).
    Removing lv_demo_benchmark.o(i.line_create), (216 bytes).
    Removing lv_demo_benchmark.o(i.lv_color_hex), (34 bytes).
    Removing lv_demo_benchmark.o(i.lv_demo_benchmark), (16 bytes).
    Removing lv_demo_benchmark.o(i.lv_demo_benchmark_run_scene), (160 bytes).
    Removing lv_demo_benchmark.o(i.lv_demo_benchmark_set_finished_cb), (12 bytes).
    Removing lv_demo_benchmark.o(i.lv_demo_benchmark_set_max_speed), (12 bytes).
    Removing lv_demo_benchmark.o(i.lv_obj_remove_style_all), (12 bytes).
    Removing lv_demo_benchmark.o(i.lv_scr_act), (14 bytes).
    Removing lv_demo_benchmark.o(i.monitor_cb), (56 bytes).
    Removing lv_demo_benchmark.o(i.rect_create), (184 bytes).
    Removing lv_demo_benchmark.o(i.rectangle_cb), (44 bytes).
    Removing lv_demo_benchmark.o(i.rectangle_circle_cb), (52 bytes).
    Removing lv_demo_benchmark.o(i.rectangle_rounded_cb), (52 bytes).
    Removing lv_demo_benchmark.o(i.report_cb), (132 bytes).
    Removing lv_demo_benchmark.o(i.rnd_next), (64 bytes).
    Removing lv_demo_benchmark.o(i.scene_next_task_cb), (384 bytes).
    Removing lv_demo_benchmark.o(i.shadow_large_cb), (68 bytes).
    Removing lv_demo_benchmark.o(i.shadow_large_ofs_cb), (92 bytes).
    Removing lv_demo_benchmark.o(i.shadow_small_cb), (68 bytes).
    Removing lv_demo_benchmark.o(i.shadow_small_ofs_cb), (92 bytes).
    Removing lv_demo_benchmark.o(i.sub_arc_cb), (60 bytes).
    Removing lv_demo_benchmark.o(i.sub_border_cb), (68 bytes).
    Removing lv_demo_benchmark.o(i.sub_img_cb), (64 bytes).
    Removing lv_demo_benchmark.o(i.sub_line_cb), (60 bytes).
    Removing lv_demo_benchmark.o(i.sub_rectangle_cb), (60 bytes).
    Removing lv_demo_benchmark.o(i.sub_shadow_cb), (84 bytes).
    Removing lv_demo_benchmark.o(i.sub_text_cb), (64 bytes).
    Removing lv_demo_benchmark.o(i.txt_create), (92 bytes).
    Removing lv_demo_benchmark.o(i.txt_large_cb), (56 bytes).
    Removing lv_demo_benchmark.o(i.txt_large_compr_cb), (56 bytes).
    Removing lv_demo_benchmark.o(i.txt_medium_cb), (56 bytes).
    Removing lv_demo_benchmark.o(i.txt_medium_compr_cb), (56 bytes).
    Removing lv_demo_benchmark.o(i.txt_small_cb), (56 bytes).
    Removing lv_demo_benchmark.o(i.txt_small_compr_cb), (56 bytes).
    Removing lv_demo_benchmark.o(.bss), (512 bytes).
    Removing lv_demo_benchmark.o(.constdata), (256 bytes).
    Removing lv_demo_benchmark.o(.conststring), (938 bytes).
    Removing lv_demo_benchmark.o(.data), (1808 bytes).
    Removing img_clothes.o(.constdata), (9408 bytes).
    Removing img_clothes.o(.constdata), (12 bytes).
    Removing img_demo_widgets_avatar.o(.constdata), (71148 bytes).
    Removing img_demo_widgets_avatar.o(.constdata), (12 bytes).
    Removing img_lvgl_logo.o(.constdata), (5418 bytes).
    Removing img_lvgl_logo.o(.constdata), (12 bytes).
    Removing lv_demo_widgets.o(i.analytics_create), (2884 bytes).
    Removing lv_demo_widgets.o(i.birthday_event_cb), (184 bytes).
    Removing lv_demo_widgets.o(i.calendar_event_cb), (128 bytes).
    Removing lv_demo_widgets.o(i.chart_event_cb), (1012 bytes).
    Removing lv_demo_widgets.o(i.color_changer_anim_cb), (332 bytes).
    Removing lv_demo_widgets.o(i.color_changer_create), (1032 bytes).
    Removing lv_demo_widgets.o(i.color_changer_event_cb), (112 bytes).
    Removing lv_demo_widgets.o(i.color_event_cb), (200 bytes).
    Removing lv_demo_widgets.o(i.create_meter_box), (660 bytes).
    Removing lv_demo_widgets.o(i.create_shop_item), (216 bytes).
    Removing lv_demo_widgets.o(i.lv_area_get_width), (12 bytes).
    Removing lv_demo_widgets.o(i.lv_color_black), (20 bytes).
    Removing lv_demo_widgets.o(i.lv_color_make), (36 bytes).
    Removing lv_demo_widgets.o(i.lv_color_white), (20 bytes).
    Removing lv_demo_widgets.o(i.lv_demo_widgets), (508 bytes).
    Removing lv_demo_widgets.o(i.lv_layer_top), (14 bytes).
    Removing lv_demo_widgets.o(i.lv_obj_center), (10 bytes).
    Removing lv_demo_widgets.o(i.lv_obj_set_style_pad_gap), (26 bytes).
    Removing lv_demo_widgets.o(i.lv_pct), (16 bytes).
    Removing lv_demo_widgets.o(i.lv_scr_act), (14 bytes).
    Removing lv_demo_widgets.o(i.meter1_indic1_anim_cb), (64 bytes).
    Removing lv_demo_widgets.o(i.meter1_indic2_anim_cb), (64 bytes).
    Removing lv_demo_widgets.o(i.meter1_indic3_anim_cb), (64 bytes).
    Removing lv_demo_widgets.o(i.meter2_timer_cb), (308 bytes).
    Removing lv_demo_widgets.o(i.meter3_anim_cb), (44 bytes).
    Removing lv_demo_widgets.o(i.profile_create), (2800 bytes).
    Removing lv_demo_widgets.o(i.shop_chart_event_cb), (328 bytes).
    Removing lv_demo_widgets.o(i.shop_create), (1700 bytes).
    Removing lv_demo_widgets.o(i.slider_event_cb), (492 bytes).
    Removing lv_demo_widgets.o(i.ta_event_cb), (228 bytes).
    Removing lv_demo_widgets.o(.bss), (12 bytes).
    Removing lv_demo_widgets.o(.constdata), (264 bytes).
    Removing lv_demo_widgets.o(.conststring), (116 bytes).
    Removing lv_demo_widgets.o(.data), (420 bytes).
    Removing lv_disp.o(i._lv_disp_get_refr_timer), (16 bytes).
    Removing lv_disp.o(i.lv_disp_clean_dcache), (28 bytes).
    Removing lv_disp.o(i.lv_disp_enable_invalidation), (36 bytes).
    Removing lv_disp.o(i.lv_disp_get_inactive_time), (54 bytes).
    Removing lv_disp.o(i.lv_disp_load_scr), (16 bytes).
    Removing lv_disp.o(i.lv_disp_set_bg_color), (66 bytes).
    Removing lv_disp.o(i.lv_disp_set_bg_image), (58 bytes).
    Removing lv_disp.o(i.lv_disp_set_bg_opa), (60 bytes).
    Removing lv_disp.o(i.lv_disp_set_theme), (74 bytes).
    Removing lv_disp.o(i.lv_disp_trig_activity), (24 bytes).
    Removing lv_disp.o(i.lv_scr_act), (14 bytes).
    Removing lv_disp.o(i.lv_scr_load_anim), (572 bytes).
    Removing lv_disp.o(i.opa_scale_anim), (8 bytes).
    Removing lv_disp.o(i.scr_anim_ready), (88 bytes).
    Removing lv_disp.o(i.scr_load_anim_start), (36 bytes).
    Removing lv_disp.o(i.scr_load_internal), (80 bytes).
    Removing lv_disp.o(i.set_x_anim), (6 bytes).
    Removing lv_disp.o(i.set_y_anim), (6 bytes).
    Removing lv_event.o(i.lv_event_get_cover_area), (16 bytes).
    Removing lv_event.o(i.lv_event_get_draw_part_dsc), (18 bytes).
    Removing lv_event.o(i.lv_event_get_hit_test_info), (14 bytes).
    Removing lv_event.o(i.lv_event_get_key), (20 bytes).
    Removing lv_event.o(i.lv_event_get_old_size), (14 bytes).
    Removing lv_event.o(i.lv_event_get_scroll_anim), (14 bytes).
    Removing lv_event.o(i.lv_event_get_self_size_info), (14 bytes).
    Removing lv_event.o(i.lv_event_register_id), (16 bytes).
    Removing lv_event.o(i.lv_event_set_cover_res), (18 bytes).
    Removing lv_event.o(i.lv_event_stop_bubbling), (10 bytes).
    Removing lv_event.o(i.lv_event_stop_processing), (10 bytes).
    Removing lv_event.o(i.lv_obj_get_event_user_data), (56 bytes).
    Removing lv_event.o(i.lv_obj_remove_event_cb), (128 bytes).
    Removing lv_event.o(i.lv_obj_remove_event_cb_with_user_data), (152 bytes).
    Removing lv_event.o(i.lv_obj_remove_event_dsc), (126 bytes).
    Removing lv_group.o(i.lv_group_create), (52 bytes).
    Removing lv_group.o(i.lv_group_del), (124 bytes).
    Removing lv_group.o(i.lv_group_focus_freeze), (18 bytes).
    Removing lv_group.o(i.lv_group_focus_obj), (144 bytes).
    Removing lv_group.o(i.lv_group_get_edge_cb), (8 bytes).
    Removing lv_group.o(i.lv_group_get_focus_cb), (8 bytes).
    Removing lv_group.o(i.lv_group_get_obj_count), (4 bytes).
    Removing lv_group.o(i.lv_group_get_wrap), (12 bytes).
    Removing lv_group.o(i.lv_group_remove_all_objs), (74 bytes).
    Removing lv_group.o(i.lv_group_send_data), (34 bytes).
    Removing lv_group.o(i.lv_group_set_default), (12 bytes).
    Removing lv_group.o(i.lv_group_set_edge_cb), (4 bytes).
    Removing lv_group.o(i.lv_group_set_focus_cb), (4 bytes).
    Removing lv_group.o(i.lv_group_set_refocus_policy), (10 bytes).
    Removing lv_group.o(i.lv_group_set_wrap), (10 bytes).
    Removing lv_group.o(i.lv_group_swap_obj), (88 bytes).
    Removing lv_indev.o(i.indev_button_proc), (112 bytes).
    Removing lv_indev.o(i.indev_click_focus), (156 bytes).
    Removing lv_indev.o(i.indev_encoder_proc), (836 bytes).
    Removing lv_indev.o(i.indev_gesture), (244 bytes).
    Removing lv_indev.o(i.indev_keypad_proc), (472 bytes).
    Removing lv_indev.o(i.indev_pointer_proc), (178 bytes).
    Removing lv_indev.o(i.indev_proc_press), (496 bytes).
    Removing lv_indev.o(i.indev_proc_release), (160 bytes).
    Removing lv_indev.o(i.indev_proc_reset_query_handler), (60 bytes).
    Removing lv_indev.o(i.indev_reset_check), (24 bytes).
    Removing lv_indev.o(i.lv_indev_enable), (40 bytes).
    Removing lv_indev.o(i.lv_indev_get_gesture_dir), (8 bytes).
    Removing lv_indev.o(i.lv_indev_get_key), (16 bytes).
    Removing lv_indev.o(i.lv_indev_get_read_timer), (8 bytes).
    Removing lv_indev.o(i.lv_indev_read_timer_cb), (176 bytes).
    Removing lv_indev.o(i.lv_indev_search_obj), (110 bytes).
    Removing lv_indev.o(i.lv_indev_set_button_points), (12 bytes).
    Removing lv_indev.o(i.lv_indev_set_cursor), (66 bytes).
    Removing lv_indev.o(i.lv_indev_set_group), (16 bytes).
    Removing lv_indev_scroll.o(i._lv_indev_scroll_handler), (284 bytes).
    Removing lv_indev_scroll.o(i._lv_indev_scroll_throw_handler), (560 bytes).
    Removing lv_indev_scroll.o(i.elastic_diff), (372 bytes).
    Removing lv_indev_scroll.o(i.find_scroll_obj), (440 bytes).
    Removing lv_indev_scroll.o(i.find_snap_point_x), (272 bytes).
    Removing lv_indev_scroll.o(i.find_snap_point_y), (272 bytes).
    Removing lv_indev_scroll.o(i.init_scroll_limits), (336 bytes).
    Removing lv_indev_scroll.o(i.lv_indev_scroll_get_snap_dist), (42 bytes).
    Removing lv_indev_scroll.o(i.lv_obj_get_style_pad_bottom), (12 bytes).
    Removing lv_indev_scroll.o(i.lv_obj_get_style_pad_left), (12 bytes).
    Removing lv_indev_scroll.o(i.lv_obj_get_style_pad_right), (12 bytes).
    Removing lv_indev_scroll.o(i.lv_obj_get_style_pad_top), (12 bytes).
    Removing lv_indev_scroll.o(i.scroll_limit_diff), (98 bytes).
    Removing lv_obj.o(i.lv_deinit), (28 bytes).
    Removing lv_obj.o(i.lv_is_initialized), (12 bytes).
    Removing lv_obj.o(i.lv_obj_get_class), (4 bytes).
    Removing lv_obj.o(i.lv_obj_has_class), (18 bytes).
    Removing lv_obj.o(i.lv_obj_has_state), (10 bytes).
    Removing lv_obj.o(i.lv_obj_is_valid), (54 bytes).
    Removing lv_obj.o(i.obj_valid_child), (50 bytes).
    Removing lv_obj_draw.o(i.lv_obj_draw_part_check_type), (20 bytes).
    Removing lv_obj_pos.o(i.lv_obj_get_x2), (22 bytes).
    Removing lv_obj_pos.o(i.lv_obj_get_x_aligned), (6 bytes).
    Removing lv_obj_pos.o(i.lv_obj_get_y_aligned), (6 bytes).
    Removing lv_obj_pos.o(i.lv_obj_hit_test), (94 bytes).
    Removing lv_obj_pos.o(i.lv_obj_set_align), (6 bytes).
    Removing lv_obj_pos.o(i.lv_obj_set_content_height), (54 bytes).
    Removing lv_obj_pos.o(i.lv_obj_set_content_width), (54 bytes).
    Removing lv_obj_scroll.o(i.lv_obj_is_scrolling), (32 bytes).
    Removing lv_obj_scroll.o(i.lv_obj_scroll_to_view), (30 bytes).
    Removing lv_obj_scroll.o(i.lv_obj_update_snap), (36 bytes).
    Removing lv_obj_style.o(i.fade_anim_cb), (8 bytes).
    Removing lv_obj_style.o(i.fade_in_anim_ready), (10 bytes).
    Removing lv_obj_style.o(i.lv_obj_fade_in), (60 bytes).
    Removing lv_obj_style.o(i.lv_obj_fade_out), (60 bytes).
    Removing lv_obj_style.o(i.lv_obj_set_local_style_prop_meta), (40 bytes).
    Removing lv_obj_style_gen.o(i.lv_obj_set_style_anim), (10 bytes).
    Removing lv_obj_style_gen.o(i.lv_obj_set_style_anim_speed), (10 bytes).
    Removing lv_obj_style_gen.o(i.lv_obj_set_style_anim_time), (10 bytes).
    Removing lv_obj_style_gen.o(i.lv_obj_set_style_arc_color), (24 bytes).
    Removing lv_obj_style_gen.o(i.lv_obj_set_style_arc_img_src), (10 bytes).
    Removing lv_obj_style_gen.o(i.lv_obj_set_style_arc_opa), (10 bytes).
    Removing lv_obj_style_gen.o(i.lv_obj_set_style_arc_rounded), (10 bytes).
    Removing lv_obj_style_gen.o(i.lv_obj_set_style_arc_width), (10 bytes).
    Removing lv_obj_style_gen.o(i.lv_obj_set_style_bg_color), (24 bytes).
    Removing lv_obj_style_gen.o(i.lv_obj_set_style_bg_dither_mode), (10 bytes).
    Removing lv_obj_style_gen.o(i.lv_obj_set_style_bg_grad), (10 bytes).
    Removing lv_obj_style_gen.o(i.lv_obj_set_style_bg_grad_color), (24 bytes).
    Removing lv_obj_style_gen.o(i.lv_obj_set_style_bg_grad_dir), (10 bytes).
    Removing lv_obj_style_gen.o(i.lv_obj_set_style_bg_grad_stop), (10 bytes).
    Removing lv_obj_style_gen.o(i.lv_obj_set_style_bg_img_opa), (10 bytes).
    Removing lv_obj_style_gen.o(i.lv_obj_set_style_bg_img_recolor), (24 bytes).
    Removing lv_obj_style_gen.o(i.lv_obj_set_style_bg_img_recolor_opa), (10 bytes).
    Removing lv_obj_style_gen.o(i.lv_obj_set_style_bg_img_tiled), (10 bytes).
    Removing lv_obj_style_gen.o(i.lv_obj_set_style_bg_main_stop), (10 bytes).
    Removing lv_obj_style_gen.o(i.lv_obj_set_style_bg_opa), (10 bytes).
    Removing lv_obj_style_gen.o(i.lv_obj_set_style_blend_mode), (10 bytes).
    Removing lv_obj_style_gen.o(i.lv_obj_set_style_border_color), (24 bytes).
    Removing lv_obj_style_gen.o(i.lv_obj_set_style_border_opa), (10 bytes).
    Removing lv_obj_style_gen.o(i.lv_obj_set_style_border_post), (10 bytes).
    Removing lv_obj_style_gen.o(i.lv_obj_set_style_border_side), (10 bytes).
    Removing lv_obj_style_gen.o(i.lv_obj_set_style_border_width), (10 bytes).
    Removing lv_obj_style_gen.o(i.lv_obj_set_style_clip_corner), (10 bytes).
    Removing lv_obj_style_gen.o(i.lv_obj_set_style_color_filter_dsc), (10 bytes).
    Removing lv_obj_style_gen.o(i.lv_obj_set_style_color_filter_opa), (10 bytes).
    Removing lv_obj_style_gen.o(i.lv_obj_set_style_img_opa), (10 bytes).
    Removing lv_obj_style_gen.o(i.lv_obj_set_style_img_recolor), (24 bytes).
    Removing lv_obj_style_gen.o(i.lv_obj_set_style_img_recolor_opa), (10 bytes).
    Removing lv_obj_style_gen.o(i.lv_obj_set_style_line_color), (24 bytes).
    Removing lv_obj_style_gen.o(i.lv_obj_set_style_line_dash_gap), (10 bytes).
    Removing lv_obj_style_gen.o(i.lv_obj_set_style_line_dash_width), (10 bytes).
    Removing lv_obj_style_gen.o(i.lv_obj_set_style_line_opa), (10 bytes).
    Removing lv_obj_style_gen.o(i.lv_obj_set_style_line_rounded), (10 bytes).
    Removing lv_obj_style_gen.o(i.lv_obj_set_style_line_width), (10 bytes).
    Removing lv_obj_style_gen.o(i.lv_obj_set_style_max_height), (10 bytes).
    Removing lv_obj_style_gen.o(i.lv_obj_set_style_max_width), (10 bytes).
    Removing lv_obj_style_gen.o(i.lv_obj_set_style_min_height), (10 bytes).
    Removing lv_obj_style_gen.o(i.lv_obj_set_style_opa), (10 bytes).
    Removing lv_obj_style_gen.o(i.lv_obj_set_style_outline_color), (24 bytes).
    Removing lv_obj_style_gen.o(i.lv_obj_set_style_outline_opa), (10 bytes).
    Removing lv_obj_style_gen.o(i.lv_obj_set_style_outline_pad), (10 bytes).
    Removing lv_obj_style_gen.o(i.lv_obj_set_style_outline_width), (10 bytes).
    Removing lv_obj_style_gen.o(i.lv_obj_set_style_pad_bottom), (10 bytes).
    Removing lv_obj_style_gen.o(i.lv_obj_set_style_pad_column), (10 bytes).
    Removing lv_obj_style_gen.o(i.lv_obj_set_style_pad_left), (10 bytes).
    Removing lv_obj_style_gen.o(i.lv_obj_set_style_pad_right), (10 bytes).
    Removing lv_obj_style_gen.o(i.lv_obj_set_style_pad_row), (10 bytes).
    Removing lv_obj_style_gen.o(i.lv_obj_set_style_pad_top), (10 bytes).
    Removing lv_obj_style_gen.o(i.lv_obj_set_style_radius), (10 bytes).
    Removing lv_obj_style_gen.o(i.lv_obj_set_style_shadow_color), (24 bytes).
    Removing lv_obj_style_gen.o(i.lv_obj_set_style_shadow_ofs_x), (10 bytes).
    Removing lv_obj_style_gen.o(i.lv_obj_set_style_shadow_ofs_y), (10 bytes).
    Removing lv_obj_style_gen.o(i.lv_obj_set_style_shadow_opa), (10 bytes).
    Removing lv_obj_style_gen.o(i.lv_obj_set_style_shadow_spread), (10 bytes).
    Removing lv_obj_style_gen.o(i.lv_obj_set_style_shadow_width), (10 bytes).
    Removing lv_obj_style_gen.o(i.lv_obj_set_style_text_color), (24 bytes).
    Removing lv_obj_style_gen.o(i.lv_obj_set_style_text_decor), (10 bytes).
    Removing lv_obj_style_gen.o(i.lv_obj_set_style_text_font), (10 bytes).
    Removing lv_obj_style_gen.o(i.lv_obj_set_style_text_letter_space), (10 bytes).
    Removing lv_obj_style_gen.o(i.lv_obj_set_style_text_line_space), (10 bytes).
    Removing lv_obj_style_gen.o(i.lv_obj_set_style_text_opa), (10 bytes).
    Removing lv_obj_style_gen.o(i.lv_obj_set_style_transform_angle), (10 bytes).
    Removing lv_obj_style_gen.o(i.lv_obj_set_style_transform_height), (10 bytes).
    Removing lv_obj_style_gen.o(i.lv_obj_set_style_transform_pivot_x), (10 bytes).
    Removing lv_obj_style_gen.o(i.lv_obj_set_style_transform_pivot_y), (10 bytes).
    Removing lv_obj_style_gen.o(i.lv_obj_set_style_transform_width), (10 bytes).
    Removing lv_obj_style_gen.o(i.lv_obj_set_style_transform_zoom), (10 bytes).
    Removing lv_obj_style_gen.o(i.lv_obj_set_style_transition), (10 bytes).
    Removing lv_obj_style_gen.o(i.lv_obj_set_style_translate_x), (10 bytes).
    Removing lv_obj_style_gen.o(i.lv_obj_set_style_translate_y), (10 bytes).
    Removing lv_obj_tree.o(i.lv_obj_clean), (56 bytes).
    Removing lv_obj_tree.o(i.lv_obj_del_anim_ready_cb), (6 bytes).
    Removing lv_obj_tree.o(i.lv_obj_del_async), (12 bytes).
    Removing lv_obj_tree.o(i.lv_obj_del_async_cb), (4 bytes).
    Removing lv_obj_tree.o(i.lv_obj_del_delayed), (48 bytes).
    Removing lv_obj_tree.o(i.lv_obj_swap), (142 bytes).
    Removing lv_obj_tree.o(i.lv_obj_tree_walk), (4 bytes).
    Removing lv_obj_tree.o(i.walk_core), (110 bytes).
    Removing lv_refr.o(i._lv_refr_set_disp_refreshing), (12 bytes).
    Removing lv_refr.o(i.lv_refr_now), (48 bytes).
    Removing lv_theme.o(i.lv_theme_get_color_secondary), (30 bytes).
    Removing lv_theme.o(i.lv_theme_get_font_large), (20 bytes).
    Removing lv_theme.o(i.lv_theme_get_font_normal), (20 bytes).
    Removing lv_theme.o(i.lv_theme_get_font_small), (20 bytes).
    Removing lv_theme.o(i.lv_theme_set_apply_cb), (4 bytes).
    Removing lv_theme.o(i.lv_theme_set_parent), (4 bytes).
    Removing lv_draw_mask.o(i.lv_draw_mask_apply_ids), (88 bytes).
    Removing lv_draw_mask.o(i.lv_draw_mask_fade), (182 bytes).
    Removing lv_draw_mask.o(i.lv_draw_mask_fade_init), (48 bytes).
    Removing lv_draw_mask.o(i.lv_draw_mask_get_cnt), (32 bytes).
    Removing lv_draw_mask.o(i.lv_draw_mask_map), (128 bytes).
    Removing lv_draw_mask.o(i.lv_draw_mask_map_init), (28 bytes).
    Removing lv_draw_mask.o(i.lv_draw_mask_polygon), (514 bytes).
    Removing lv_draw_mask.o(i.lv_draw_mask_polygon_init), (144 bytes).
    Removing lv_draw_triangle.o(i.lv_draw_polygon), (10 bytes).
    Removing lv_draw_triangle.o(i.lv_draw_triangle), (12 bytes).
    Removing lv_img_buf.o(i.lv_img_buf_alloc), (90 bytes).
    Removing lv_img_buf.o(i.lv_img_buf_free), (26 bytes).
    Removing lv_img_buf.o(i.lv_img_buf_get_img_size), (126 bytes).
    Removing lv_img_buf.o(i.lv_img_buf_get_px_alpha), (228 bytes).
    Removing lv_img_buf.o(i.lv_img_buf_get_px_color), (266 bytes).
    Removing lv_img_buf.o(i.lv_img_buf_set_palette), (120 bytes).
    Removing lv_img_buf.o(i.lv_img_buf_set_px_alpha), (194 bytes).
    Removing lv_img_buf.o(i.lv_img_buf_set_px_color), (270 bytes).
    Removing lv_img_buf.o(i.lv_memcpy_small), (24 bytes).
    Removing lv_img_cache.o(i.lv_img_cache_set_size), (2 bytes).
    Removing lv_img_decoder.o(i.lv_img_decoder_delete), (28 bytes).
    Removing lv_img_decoder.o(i.lv_img_decoder_set_close_cb), (4 bytes).
    Removing lv_img_decoder.o(i.lv_img_decoder_set_info_cb), (4 bytes).
    Removing lv_img_decoder.o(i.lv_img_decoder_set_open_cb), (4 bytes).
    Removing lv_img_decoder.o(i.lv_img_decoder_set_read_line_cb), (4 bytes).
    Removing lv_draw_sw.o(i.lv_draw_sw_deinit_ctx), (8 bytes).
    Removing lv_draw_sw_gradient.o(i.lv_gradient_free_cache), (32 bytes).
    Removing lv_draw_sw_letter.o(.constdata), (8 bytes).
    Removing lv_flex.o(i.lv_style_set_flex_cross_place), (16 bytes).
    Removing lv_flex.o(i.lv_style_set_flex_flow), (16 bytes).
    Removing lv_flex.o(i.lv_style_set_flex_grow), (16 bytes).
    Removing lv_flex.o(i.lv_style_set_flex_main_place), (16 bytes).
    Removing lv_flex.o(i.lv_style_set_flex_track_place), (16 bytes).
    Removing lv_grid.o(i.lv_obj_set_grid_align), (26 bytes).
    Removing lv_grid.o(i.lv_obj_set_grid_cell), (90 bytes).
    Removing lv_grid.o(i.lv_obj_set_grid_dsc_array), (44 bytes).
    Removing lv_grid.o(i.lv_obj_set_style_grid_cell_column_pos), (16 bytes).
    Removing lv_grid.o(i.lv_obj_set_style_grid_cell_column_span), (16 bytes).
    Removing lv_grid.o(i.lv_obj_set_style_grid_cell_row_pos), (16 bytes).
    Removing lv_grid.o(i.lv_obj_set_style_grid_cell_row_span), (16 bytes).
    Removing lv_grid.o(i.lv_obj_set_style_grid_cell_x_align), (16 bytes).
    Removing lv_grid.o(i.lv_obj_set_style_grid_cell_y_align), (16 bytes).
    Removing lv_grid.o(i.lv_obj_set_style_grid_column_align), (16 bytes).
    Removing lv_grid.o(i.lv_obj_set_style_grid_column_dsc_array), (16 bytes).
    Removing lv_grid.o(i.lv_obj_set_style_grid_row_align), (16 bytes).
    Removing lv_grid.o(i.lv_obj_set_style_grid_row_dsc_array), (16 bytes).
    Removing lv_grid.o(i.lv_style_set_grid_cell_column_pos), (16 bytes).
    Removing lv_grid.o(i.lv_style_set_grid_cell_column_span), (16 bytes).
    Removing lv_grid.o(i.lv_style_set_grid_cell_row_pos), (16 bytes).
    Removing lv_grid.o(i.lv_style_set_grid_cell_row_span), (16 bytes).
    Removing lv_grid.o(i.lv_style_set_grid_cell_x_align), (16 bytes).
    Removing lv_grid.o(i.lv_style_set_grid_cell_y_align), (16 bytes).
    Removing lv_grid.o(i.lv_style_set_grid_column_align), (16 bytes).
    Removing lv_grid.o(i.lv_style_set_grid_column_dsc_array), (16 bytes).
    Removing lv_grid.o(i.lv_style_set_grid_row_align), (16 bytes).
    Removing lv_grid.o(i.lv_style_set_grid_row_dsc_array), (16 bytes).
    Removing lv_theme_basic.o(i.lv_color_white), (40 bytes).
    Removing lv_theme_basic.o(i.lv_theme_basic_init), (96 bytes).
    Removing lv_theme_basic.o(i.lv_theme_basic_is_inited), (16 bytes).
    Removing lv_theme_basic.o(i.style_init), (604 bytes).
    Removing lv_theme_basic.o(i.style_init_reset), (20 bytes).
    Removing lv_theme_basic.o(i.theme_apply), (1160 bytes).
    Removing lv_theme_basic.o(.bss), (36 bytes).
    Removing lv_theme_basic.o(.data), (8 bytes).
    Removing lv_theme_mono.o(i.lv_color_black), (20 bytes).
    Removing lv_theme_mono.o(i.lv_color_make), (36 bytes).
    Removing lv_theme_mono.o(i.lv_color_white), (20 bytes).
    Removing lv_theme_mono.o(i.lv_style_set_pad_all), (38 bytes).
    Removing lv_theme_mono.o(i.lv_style_set_pad_gap), (22 bytes).
    Removing lv_theme_mono.o(i.lv_theme_mono_init), (104 bytes).
    Removing lv_theme_mono.o(i.lv_theme_mono_is_inited), (16 bytes).
    Removing lv_theme_mono.o(i.style_init), (812 bytes).
    Removing lv_theme_mono.o(i.style_init_reset), (20 bytes).
    Removing lv_theme_mono.o(i.theme_apply), (1724 bytes).
    Removing lv_theme_mono.o(.bss), (36 bytes).
    Removing lv_theme_mono.o(.data), (8 bytes).
    Removing lv_animimg.o(i.index_change), (26 bytes).
    Removing lv_animimg.o(i.lv_animimg_constructor), (60 bytes).
    Removing lv_animimg.o(i.lv_animimg_create), (24 bytes).
    Removing lv_animimg.o(i.lv_animimg_set_duration), (6 bytes).
    Removing lv_animimg.o(i.lv_animimg_set_repeat_count), (6 bytes).
    Removing lv_animimg.o(i.lv_animimg_set_src), (18 bytes).
    Removing lv_animimg.o(i.lv_animimg_start), (6 bytes).
    Removing lv_animimg.o(.constdata), (28 bytes).
    Removing lv_calendar.o(i.lv_calendar_create), (24 bytes).
    Removing lv_calendar.o(i.lv_calendar_get_btnmatrix), (4 bytes).
    Removing lv_calendar.o(i.lv_calendar_get_highlighted_dates), (4 bytes).
    Removing lv_calendar.o(i.lv_calendar_get_highlighted_dates_num), (4 bytes).
    Removing lv_calendar.o(i.lv_calendar_get_pressed_date), (84 bytes).
    Removing lv_calendar.o(i.lv_calendar_get_today_date), (4 bytes).
    Removing lv_calendar.o(i.lv_calendar_set_day_names), (26 bytes).
    Removing lv_calendar.o(i.lv_calendar_set_highlighted_dates), (12 bytes).
    Removing lv_calendar_header_arrow.o(i.lv_calendar_header_arrow_create), (24 bytes).
    Removing lv_calendar_header_dropdown.o(i.lv_calendar_header_dropdown_create), (24 bytes).
    Removing lv_chart.o(i.lv_chart_add_cursor), (38 bytes).
    Removing lv_chart.o(i.lv_chart_add_series), (156 bytes).
    Removing lv_chart.o(i.lv_chart_create), (24 bytes).
    Removing lv_chart.o(i.lv_chart_get_cursor_point), (8 bytes).
    Removing lv_chart.o(i.lv_chart_get_point_count), (6 bytes).
    Removing lv_chart.o(i.lv_chart_get_pressed_point), (6 bytes).
    Removing lv_chart.o(i.lv_chart_get_series_next), (14 bytes).
    Removing lv_chart.o(i.lv_chart_get_type), (10 bytes).
    Removing lv_chart.o(i.lv_chart_get_x_array), (8 bytes).
    Removing lv_chart.o(i.lv_chart_get_x_start_point), (8 bytes).
    Removing lv_chart.o(i.lv_chart_get_y_array), (8 bytes).
    Removing lv_chart.o(i.lv_chart_get_zoom_x), (6 bytes).
    Removing lv_chart.o(i.lv_chart_get_zoom_y), (6 bytes).
    Removing lv_chart.o(i.lv_chart_hide_series), (16 bytes).
    Removing lv_chart.o(i.lv_chart_refresh), (4 bytes).
    Removing lv_chart.o(i.lv_chart_remove_series), (44 bytes).
    Removing lv_chart.o(i.lv_chart_set_all_value), (38 bytes).
    Removing lv_chart.o(i.lv_chart_set_axis_tick), (60 bytes).
    Removing lv_chart.o(i.lv_chart_set_cursor_point), (42 bytes).
    Removing lv_chart.o(i.lv_chart_set_cursor_pos), (24 bytes).
    Removing lv_chart.o(i.lv_chart_set_div_line_count), (30 bytes).
    Removing lv_chart.o(i.lv_chart_set_ext_x_array), (46 bytes).
    Removing lv_chart.o(i.lv_chart_set_ext_y_array), (46 bytes).
    Removing lv_chart.o(i.lv_chart_set_next_value), (56 bytes).
    Removing lv_chart.o(i.lv_chart_set_next_value2), (66 bytes).
    Removing lv_chart.o(i.lv_chart_set_point_count), (118 bytes).
    Removing lv_chart.o(i.lv_chart_set_range), (68 bytes).
    Removing lv_chart.o(i.lv_chart_set_series_color), (18 bytes).
    Removing lv_chart.o(i.lv_chart_set_type), (134 bytes).
    Removing lv_chart.o(i.lv_chart_set_update_mode), (26 bytes).
    Removing lv_chart.o(i.lv_chart_set_value_by_id), (32 bytes).
    Removing lv_chart.o(i.lv_chart_set_value_by_id2), (52 bytes).
    Removing lv_chart.o(i.lv_chart_set_x_start_point), (16 bytes).
    Removing lv_chart.o(i.lv_chart_set_zoom_x), (42 bytes).
    Removing lv_chart.o(i.lv_chart_set_zoom_y), (42 bytes).
    Removing lv_chart.o(i.new_points_alloc), (186 bytes).
    Removing lv_colorwheel.o(i.lv_colorwheel_create), (32 bytes).
    Removing lv_colorwheel.o(i.lv_colorwheel_get_color_mode), (10 bytes).
    Removing lv_colorwheel.o(i.lv_colorwheel_get_color_mode_fixed), (10 bytes).
    Removing lv_colorwheel.o(i.lv_colorwheel_get_hsv), (4 bytes).
    Removing lv_colorwheel.o(i.lv_colorwheel_set_mode), (32 bytes).
    Removing lv_colorwheel.o(i.lv_colorwheel_set_mode_fixed), (14 bytes).
    Removing lv_colorwheel.o(i.lv_colorwheel_set_rgb), (98 bytes).
    Removing lv_imgbtn.o(i.draw_main), (424 bytes).
    Removing lv_imgbtn.o(i.get_state), (54 bytes).
    Removing lv_imgbtn.o(i.lv_imgbtn_constructor), (42 bytes).
    Removing lv_imgbtn.o(i.lv_imgbtn_create), (24 bytes).
    Removing lv_imgbtn.o(i.lv_imgbtn_event), (168 bytes).
    Removing lv_imgbtn.o(i.lv_imgbtn_get_src_left), (8 bytes).
    Removing lv_imgbtn.o(i.lv_imgbtn_get_src_middle), (8 bytes).
    Removing lv_imgbtn.o(i.lv_imgbtn_get_src_right), (8 bytes).
    Removing lv_imgbtn.o(i.lv_imgbtn_set_src), (20 bytes).
    Removing lv_imgbtn.o(i.lv_imgbtn_set_state), (70 bytes).
    Removing lv_imgbtn.o(i.refr_img), (78 bytes).
    Removing lv_imgbtn.o(i.suggest_state), (58 bytes).
    Removing lv_imgbtn.o(.constdata), (28 bytes).
    Removing lv_keyboard.o(i.lv_btnmatrix_get_popovers), (10 bytes).
    Removing lv_keyboard.o(i.lv_keyboard_create), (24 bytes).
    Removing lv_keyboard.o(i.lv_keyboard_get_mode), (6 bytes).
    Removing lv_keyboard.o(i.lv_keyboard_get_textarea), (4 bytes).
    Removing lv_keyboard.o(i.lv_keyboard_set_map), (28 bytes).
    Removing lv_keyboard.o(i.lv_keyboard_set_mode), (18 bytes).
    Removing lv_keyboard.o(i.lv_keyboard_set_popovers), (22 bytes).
    Removing lv_keyboard.o(i.lv_keyboard_set_textarea), (38 bytes).
    Removing lv_led.o(i.lv_led_create), (24 bytes).
    Removing lv_led.o(i.lv_led_get_brightness), (6 bytes).
    Removing lv_led.o(i.lv_led_off), (6 bytes).
    Removing lv_led.o(i.lv_led_on), (6 bytes).
    Removing lv_led.o(i.lv_led_set_brightness), (32 bytes).
    Removing lv_led.o(i.lv_led_set_color), (14 bytes).
    Removing lv_led.o(i.lv_led_toggle), (16 bytes).
    Removing lv_list.o(i.lv_list_add_btn), (96 bytes).
    Removing lv_list.o(i.lv_list_add_text), (52 bytes).
    Removing lv_list.o(i.lv_list_create), (32 bytes).
    Removing lv_list.o(i.lv_list_get_btn_text), (60 bytes).
    Removing lv_menu.o(i.lv_menu_cont_create), (24 bytes).
    Removing lv_menu.o(i.lv_menu_create), (24 bytes).
    Removing lv_menu.o(i.lv_menu_get_cur_main_page), (4 bytes).
    Removing lv_menu.o(i.lv_menu_get_cur_sidebar_page), (4 bytes).
    Removing lv_menu.o(i.lv_menu_get_main_header), (4 bytes).
    Removing lv_menu.o(i.lv_menu_get_main_header_back_btn), (4 bytes).
    Removing lv_menu.o(i.lv_menu_get_sidebar_header), (4 bytes).
    Removing lv_menu.o(i.lv_menu_get_sidebar_header_back_btn), (4 bytes).
    Removing lv_menu.o(i.lv_menu_load_page_event_cb), (106 bytes).
    Removing lv_menu.o(i.lv_menu_obj_del_event_cb), (14 bytes).
    Removing lv_menu.o(i.lv_menu_page_create), (60 bytes).
    Removing lv_menu.o(i.lv_menu_refr), (62 bytes).
    Removing lv_menu.o(i.lv_menu_refr_sidebar_header_mode), (110 bytes).
    Removing lv_menu.o(i.lv_menu_section_create), (24 bytes).
    Removing lv_menu.o(i.lv_menu_separator_create), (24 bytes).
    Removing lv_menu.o(i.lv_menu_set_load_page_event), (112 bytes).
    Removing lv_menu.o(i.lv_menu_set_mode_header), (50 bytes).
    Removing lv_menu.o(i.lv_menu_set_mode_root_back_btn), (26 bytes).
    Removing lv_menu.o(i.lv_menu_set_sidebar_page), (304 bytes).
    Removing lv_meter.o(i.inv_arc), (176 bytes).
    Removing lv_meter.o(i.inv_line), (374 bytes).
    Removing lv_meter.o(i.lv_meter_add_arc), (68 bytes).
    Removing lv_meter.o(i.lv_meter_add_needle_img), (66 bytes).
    Removing lv_meter.o(i.lv_meter_add_needle_line), (68 bytes).
    Removing lv_meter.o(i.lv_meter_add_scale), (56 bytes).
    Removing lv_meter.o(i.lv_meter_add_scale_lines), (72 bytes).
    Removing lv_meter.o(i.lv_meter_create), (24 bytes).
    Removing lv_meter.o(i.lv_meter_set_indicator_end_value), (64 bytes).
    Removing lv_meter.o(i.lv_meter_set_indicator_start_value), (64 bytes).
    Removing lv_meter.o(i.lv_meter_set_indicator_value), (94 bytes).
    Removing lv_meter.o(i.lv_meter_set_scale_major_ticks), (26 bytes).
    Removing lv_meter.o(i.lv_meter_set_scale_range), (20 bytes).
    Removing lv_meter.o(i.lv_meter_set_scale_ticks), (22 bytes).
    Removing lv_msgbox.o(i.lv_msgbox_close), (30 bytes).
    Removing lv_msgbox.o(i.lv_msgbox_close_async), (30 bytes).
    Removing lv_msgbox.o(i.lv_msgbox_create), (536 bytes).
    Removing lv_msgbox.o(i.lv_msgbox_get_active_btn), (6 bytes).
    Removing lv_msgbox.o(i.lv_msgbox_get_active_btn_text), (22 bytes).
    Removing lv_msgbox.o(i.lv_msgbox_get_btns), (4 bytes).
    Removing lv_msgbox.o(i.lv_msgbox_get_close_btn), (4 bytes).
    Removing lv_msgbox.o(i.lv_msgbox_get_content), (4 bytes).
    Removing lv_msgbox.o(i.lv_msgbox_get_text), (4 bytes).
    Removing lv_msgbox.o(i.lv_msgbox_get_title), (4 bytes).
    Removing lv_msgbox.o(i.lv_obj_get_style_text_font), (6 bytes).
    Removing lv_msgbox.o(i.lv_pct), (16 bytes).
    Removing lv_msgbox.o(i.msgbox_close_click_event_cb), (18 bytes).
    Removing lv_span.o(i._lv_txt_is_break_char), (56 bytes).
    Removing lv_span.o(i.convert_indent_pct), (62 bytes).
    Removing lv_span.o(i.lv_draw_span), (1516 bytes).
    Removing lv_span.o(i.lv_get_snippet), (16 bytes).
    Removing lv_span.o(i.lv_obj_get_style_text_align), (12 bytes).
    Removing lv_span.o(i.lv_obj_get_style_text_line_space), (12 bytes).
    Removing lv_span.o(i.lv_obj_get_style_width), (12 bytes).
    Removing lv_span.o(i.lv_span_get_style_text_font), (38 bytes).
    Removing lv_span.o(i.lv_span_get_style_text_letter_space), (40 bytes).
    Removing lv_span.o(i.lv_span_set_text), (76 bytes).
    Removing lv_span.o(i.lv_span_set_text_static), (44 bytes).
    Removing lv_span.o(i.lv_spangroup_constructor), (52 bytes).
    Removing lv_span.o(i.lv_spangroup_create), (24 bytes).
    Removing lv_span.o(i.lv_spangroup_del_span), (90 bytes).
    Removing lv_span.o(i.lv_spangroup_destructor), (58 bytes).
    Removing lv_span.o(i.lv_spangroup_event), (296 bytes).
    Removing lv_span.o(i.lv_spangroup_get_align), (6 bytes).
    Removing lv_span.o(i.lv_spangroup_get_child), (66 bytes).
    Removing lv_span.o(i.lv_spangroup_get_child_cnt), (12 bytes).
    Removing lv_span.o(i.lv_spangroup_get_expand_height), (428 bytes).
    Removing lv_span.o(i.lv_spangroup_get_expand_width), (176 bytes).
    Removing lv_span.o(i.lv_spangroup_get_indent), (6 bytes).
    Removing lv_span.o(i.lv_spangroup_get_lines), (4 bytes).
    Removing lv_span.o(i.lv_spangroup_get_max_line_h), (54 bytes).
    Removing lv_span.o(i.lv_spangroup_get_mode), (10 bytes).
    Removing lv_span.o(i.lv_spangroup_get_overflow), (10 bytes).
    Removing lv_span.o(i.lv_spangroup_new_span), (56 bytes).
    Removing lv_span.o(i.lv_spangroup_refr_mode), (154 bytes).
    Removing lv_span.o(i.lv_spangroup_set_align), (6 bytes).
    Removing lv_span.o(i.lv_spangroup_set_indent), (16 bytes).
    Removing lv_span.o(i.lv_spangroup_set_lines), (6 bytes).
    Removing lv_span.o(i.lv_spangroup_set_mode), (16 bytes).
    Removing lv_span.o(i.lv_spangroup_set_overflow), (26 bytes).
    Removing lv_span.o(i.lv_txt_get_snippet), (66 bytes).
    Removing lv_span.o(i.refresh_self_size), (32 bytes).
    Removing lv_span.o(i.span_text_check), (16 bytes).
    Removing lv_span.o(.bss), (1284 bytes).
    Removing lv_span.o(.constdata), (28 bytes).
    Removing lv_spinbox.o(i.lv_spinbox_create), (24 bytes).
    Removing lv_spinbox.o(i.lv_spinbox_get_rollover), (10 bytes).
    Removing lv_spinbox.o(i.lv_spinbox_get_step), (4 bytes).
    Removing lv_spinbox.o(i.lv_spinbox_get_value), (4 bytes).
    Removing lv_spinbox.o(i.lv_spinbox_set_cursor_pos), (74 bytes).
    Removing lv_spinbox.o(i.lv_spinbox_set_digit_format), (110 bytes).
    Removing lv_spinbox.o(i.lv_spinbox_set_digit_step_direction), (16 bytes).
    Removing lv_spinbox.o(i.lv_spinbox_set_range), (28 bytes).
    Removing lv_spinbox.o(i.lv_spinbox_set_rollover), (14 bytes).
    Removing lv_spinbox.o(i.lv_spinbox_set_step), (6 bytes).
    Removing lv_spinbox.o(i.lv_spinbox_set_value), (22 bytes).
    Removing lv_spinner.o(i.lv_spinner_create), (36 bytes).
    Removing lv_tabview.o(i.lv_memcpy_small), (24 bytes).
    Removing lv_tabview.o(i.lv_tabview_add_tab), (284 bytes).
    Removing lv_tabview.o(i.lv_tabview_create), (36 bytes).
    Removing lv_tabview.o(i.lv_tabview_get_tab_act), (4 bytes).
    Removing lv_tabview.o(i.lv_tabview_rename_tab), (70 bytes).
    Removing lv_tileview.o(i.lv_obj_set_tile), (54 bytes).
    Removing lv_tileview.o(i.lv_obj_set_tile_id), (102 bytes).
    Removing lv_tileview.o(i.lv_tileview_add_tile), (40 bytes).
    Removing lv_tileview.o(i.lv_tileview_create), (24 bytes).
    Removing lv_tileview.o(i.lv_tileview_get_tile_act), (4 bytes).
    Removing lv_win.o(i.lv_win_add_btn), (56 bytes).
    Removing lv_win.o(i.lv_win_add_title), (40 bytes).
    Removing lv_win.o(i.lv_win_create), (32 bytes).
    Removing lv_win.o(i.lv_win_get_content), (6 bytes).
    Removing lv_win.o(i.lv_win_get_header), (6 bytes).
    Removing lv_font_loader.o(i.init_bit_iterator), (20 bytes).
    Removing lv_font_loader.o(i.load_cmaps), (132 bytes).
    Removing lv_font_loader.o(i.load_cmaps_tables), (216 bytes).
    Removing lv_font_loader.o(i.load_glyph), (648 bytes).
    Removing lv_font_loader.o(i.load_kern), (384 bytes).
    Removing lv_font_loader.o(i.lv_font_free), (166 bytes).
    Removing lv_font_loader.o(i.lv_font_load), (62 bytes).
    Removing lv_font_loader.o(i.lvgl_load_font), (372 bytes).
    Removing lv_font_loader.o(i.read_bits), (78 bytes).
    Removing lv_font_loader.o(i.read_bits_signed), (28 bytes).
    Removing lv_font_loader.o(i.read_label), (62 bytes).
    Removing lv_hal_disp.o(i.invalidate_layout_cb), (10 bytes).
    Removing lv_hal_disp.o(i.lv_color_mix), (52 bytes).
    Removing lv_hal_disp.o(i.lv_color_mix_with_alpha), (192 bytes).
    Removing lv_hal_disp.o(i.lv_disp_drv_update), (188 bytes).
    Removing lv_hal_disp.o(i.lv_disp_drv_use_generic_set_px_cb), (72 bytes).
    Removing lv_hal_disp.o(i.lv_disp_flush_is_last), (12 bytes).
    Removing lv_hal_disp.o(i.lv_disp_get_antialiasing), (24 bytes).
    Removing lv_hal_disp.o(i.lv_disp_get_offset_x), (80 bytes).
    Removing lv_hal_disp.o(i.lv_disp_get_offset_y), (80 bytes).
    Removing lv_hal_disp.o(i.lv_disp_get_physical_hor_res), (60 bytes).
    Removing lv_hal_disp.o(i.lv_disp_get_physical_ver_res), (60 bytes).
    Removing lv_hal_disp.o(i.lv_disp_get_rotation), (24 bytes).
    Removing lv_hal_disp.o(i.lv_disp_remove), (128 bytes).
    Removing lv_hal_disp.o(i.lv_disp_set_default), (12 bytes).
    Removing lv_hal_disp.o(i.lv_disp_set_rotation), (32 bytes).
    Removing lv_hal_disp.o(i.set_px_alpha_generic), (164 bytes).
    Removing lv_hal_disp.o(i.set_px_cb_alpha1), (44 bytes).
    Removing lv_hal_disp.o(i.set_px_cb_alpha2), (44 bytes).
    Removing lv_hal_disp.o(i.set_px_cb_alpha4), (44 bytes).
    Removing lv_hal_disp.o(i.set_px_cb_alpha8), (44 bytes).
    Removing lv_hal_disp.o(i.set_px_true_color_alpha), (68 bytes).
    Removing lv_hal_indev.o(i._lv_indev_read), (68 bytes).
    Removing lv_hal_indev.o(i.lv_indev_delete), (48 bytes).
    Removing lv_hal_indev.o(i.lv_indev_drv_init), (40 bytes).
    Removing lv_hal_indev.o(i.lv_indev_drv_register), (72 bytes).
    Removing lv_hal_indev.o(i.lv_indev_drv_update), (84 bytes).
    Removing lv_anim.o(i.lv_anim_count_running), (36 bytes).
    Removing lv_anim.o(i.lv_anim_del_all), (20 bytes).
    Removing lv_anim.o(i.lv_anim_get_playtime), (68 bytes).
    Removing lv_anim.o(i.lv_anim_get_timer), (12 bytes).
    Removing lv_anim.o(i.lv_anim_path_bounce), (166 bytes).
    Removing lv_anim.o(i.lv_anim_path_ease_in), (48 bytes).
    Removing lv_anim.o(i.lv_anim_path_overshoot), (52 bytes).
    Removing lv_anim.o(i.lv_anim_refr_now), (6 bytes).
    Removing lv_anim_timeline.o(i.lv_anim_timeline_add), (132 bytes).
    Removing lv_anim_timeline.o(i.lv_anim_timeline_create), (24 bytes).
    Removing lv_anim_timeline.o(i.lv_anim_timeline_del), (28 bytes).
    Removing lv_anim_timeline.o(i.lv_anim_timeline_get_playtime), (68 bytes).
    Removing lv_anim_timeline.o(i.lv_anim_timeline_get_reverse), (8 bytes).
    Removing lv_anim_timeline.o(i.lv_anim_timeline_set_progress), (104 bytes).
    Removing lv_anim_timeline.o(i.lv_anim_timeline_set_reverse), (8 bytes).
    Removing lv_anim_timeline.o(i.lv_anim_timeline_start), (102 bytes).
    Removing lv_anim_timeline.o(i.lv_anim_timeline_stop), (40 bytes).
    Removing lv_anim_timeline.o(i.lv_anim_timeline_virtual_exec_cb), (2 bytes).
    Removing lv_area.o(i._lv_area_is_equal), (56 bytes).
    Removing lv_area.o(i._lv_area_set_pos), (46 bytes).
    Removing lv_area.o(i.lv_area_align), (524 bytes).
    Removing lv_area.o(i.lv_area_get_height), (12 bytes).
    Removing lv_area.o(i.lv_area_get_width), (12 bytes).
    Removing lv_async.o(i.lv_async_call), (56 bytes).
    Removing lv_async.o(i.lv_async_call_cancel), (84 bytes).
    Removing lv_async.o(i.lv_async_timer_cb), (20 bytes).
    Removing lv_color.o(i.lv_color_change_lightness), (56 bytes).
    Removing lv_color.o(i.lv_color_lighten), (38 bytes).
    Removing lv_color.o(i.lv_color_rgb_to_hsv), (220 bytes).
    Removing lv_color.o(i.lv_color_to_hsv), (84 bytes).
    Removing lv_fs.o(i.lv_fs_dir_close), (34 bytes).
    Removing lv_fs.o(i.lv_fs_dir_open), (78 bytes).
    Removing lv_fs.o(i.lv_fs_dir_read), (40 bytes).
    Removing lv_fs.o(i.lv_fs_drv_init), (6 bytes).
    Removing lv_fs.o(i.lv_fs_drv_register), (24 bytes).
    Removing lv_fs.o(i.lv_fs_get_last), (56 bytes).
    Removing lv_fs.o(i.lv_fs_get_letters), (44 bytes).
    Removing lv_fs.o(i.lv_fs_is_ready), (24 bytes).
    Removing lv_fs.o(i.lv_fs_tell), (52 bytes).
    Removing lv_fs.o(i.lv_fs_up), (54 bytes).
    Removing lv_fs.o(i.lv_fs_write), (60 bytes).
    Removing lv_gc.o(i._lv_gc_clear_roots), (192 bytes).
    Removing lv_ll.o(i._lv_ll_chg_list), (104 bytes).
    Removing lv_ll.o(i._lv_ll_ins_prev), (98 bytes).
    Removing lv_ll.o(i._lv_ll_move_before), (94 bytes).
    Removing lv_lru.o(i.lv_lru_cmp_keys), (20 bytes).
    Removing lv_lru.o(i.lv_lru_create), (112 bytes).
    Removing lv_lru.o(i.lv_lru_del), (98 bytes).
    Removing lv_lru.o(i.lv_lru_get), (88 bytes).
    Removing lv_lru.o(i.lv_lru_hash), (92 bytes).
    Removing lv_lru.o(i.lv_lru_remove), (84 bytes).
    Removing lv_lru.o(i.lv_lru_remove_item), (56 bytes).
    Removing lv_lru.o(i.lv_lru_remove_lru_item), (110 bytes).
    Removing lv_lru.o(i.lv_lru_set), (238 bytes).
    Removing lv_math.o(i.lv_rand), (40 bytes).
    Removing lv_math.o(i.lv_sqrt), (34 bytes).
    Removing lv_math.o(.data), (4 bytes).
    Removing lv_mem.o(i.lv_mem_deinit), (24 bytes).
    Removing lv_mem.o(i.lv_mem_monitor), (88 bytes).
    Removing lv_mem.o(i.lv_mem_test), (48 bytes).
    Removing lv_mem.o(i.lv_mem_walker), (34 bytes).
    Removing lv_style.o(i.lv_style_get_num_custom_props), (16 bytes).
    Removing lv_style.o(i.lv_style_set_prop_meta), (20 bytes).
    Removing lv_style.o(i.lv_style_set_prop_meta_helper), (4 bytes).
    Removing lv_style_gen.o(i.lv_style_set_align), (8 bytes).
    Removing lv_style_gen.o(i.lv_style_set_anim), (8 bytes).
    Removing lv_style_gen.o(i.lv_style_set_anim_speed), (8 bytes).
    Removing lv_style_gen.o(i.lv_style_set_arc_img_src), (8 bytes).
    Removing lv_style_gen.o(i.lv_style_set_arc_opa), (8 bytes).
    Removing lv_style_gen.o(i.lv_style_set_base_dir), (8 bytes).
    Removing lv_style_gen.o(i.lv_style_set_bg_dither_mode), (8 bytes).
    Removing lv_style_gen.o(i.lv_style_set_bg_grad), (8 bytes).
    Removing lv_style_gen.o(i.lv_style_set_bg_grad_dir), (8 bytes).
    Removing lv_style_gen.o(i.lv_style_set_bg_grad_stop), (8 bytes).
    Removing lv_style_gen.o(i.lv_style_set_bg_img_opa), (8 bytes).
    Removing lv_style_gen.o(i.lv_style_set_bg_img_recolor), (22 bytes).
    Removing lv_style_gen.o(i.lv_style_set_bg_img_recolor_opa), (8 bytes).
    Removing lv_style_gen.o(i.lv_style_set_bg_img_tiled), (8 bytes).
    Removing lv_style_gen.o(i.lv_style_set_bg_main_stop), (8 bytes).
    Removing lv_style_gen.o(i.lv_style_set_blend_mode), (8 bytes).
    Removing lv_style_gen.o(i.lv_style_set_img_opa), (8 bytes).
    Removing lv_style_gen.o(i.lv_style_set_img_recolor), (22 bytes).
    Removing lv_style_gen.o(i.lv_style_set_img_recolor_opa), (8 bytes).
    Removing lv_style_gen.o(i.lv_style_set_layout), (8 bytes).
    Removing lv_style_gen.o(i.lv_style_set_line_dash_gap), (8 bytes).
    Removing lv_style_gen.o(i.lv_style_set_line_dash_width), (8 bytes).
    Removing lv_style_gen.o(i.lv_style_set_line_opa), (8 bytes).
    Removing lv_style_gen.o(i.lv_style_set_line_rounded), (8 bytes).
    Removing lv_style_gen.o(i.lv_style_set_min_height), (8 bytes).
    Removing lv_style_gen.o(i.lv_style_set_min_width), (8 bytes).
    Removing lv_style_gen.o(i.lv_style_set_opa), (8 bytes).
    Removing lv_style_gen.o(i.lv_style_set_shadow_ofs_x), (8 bytes).
    Removing lv_style_gen.o(i.lv_style_set_text_decor), (8 bytes).
    Removing lv_style_gen.o(i.lv_style_set_text_letter_space), (8 bytes).
    Removing lv_style_gen.o(i.lv_style_set_text_opa), (8 bytes).
    Removing lv_style_gen.o(i.lv_style_set_transform_angle), (8 bytes).
    Removing lv_style_gen.o(i.lv_style_set_transform_pivot_x), (8 bytes).
    Removing lv_style_gen.o(i.lv_style_set_transform_pivot_y), (8 bytes).
    Removing lv_style_gen.o(i.lv_style_set_transform_zoom), (8 bytes).
    Removing lv_style_gen.o(i.lv_style_set_translate_x), (8 bytes).
    Removing lv_style_gen.o(i.lv_style_set_translate_y), (8 bytes).
    Removing lv_style_gen.o(i.lv_style_set_x), (8 bytes).
    Removing lv_style_gen.o(i.lv_style_set_y), (8 bytes).
    Removing lv_timer.o(i.lv_timer_create_basic), (12 bytes).
    Removing lv_timer.o(i.lv_timer_enable), (12 bytes).
    Removing lv_timer.o(i.lv_timer_get_idle), (12 bytes).
    Removing lv_timer.o(i.lv_timer_get_next), (20 bytes).
    Removing lv_timer.o(i.lv_timer_reset), (12 bytes).
    Removing lv_timer.o(i.lv_timer_set_cb), (4 bytes).
    Removing lv_timer.o(i.lv_timer_set_period), (4 bytes).
    Removing lv_timer.o(i.lv_timer_set_repeat_count), (4 bytes).
    Removing lv_tlsf.o(i.default_walker), (2 bytes).
    Removing lv_tlsf.o(i.integrity_walker), (36 bytes).
    Removing lv_tlsf.o(i.lv_tlsf_align_size), (4 bytes).
    Removing lv_tlsf.o(i.lv_tlsf_alloc_overhead), (4 bytes).
    Removing lv_tlsf.o(i.lv_tlsf_block_size), (18 bytes).
    Removing lv_tlsf.o(i.lv_tlsf_block_size_max), (6 bytes).
    Removing lv_tlsf.o(i.lv_tlsf_block_size_min), (4 bytes).
    Removing lv_tlsf.o(i.lv_tlsf_check), (226 bytes).
    Removing lv_tlsf.o(i.lv_tlsf_check_pool), (24 bytes).
    Removing lv_tlsf.o(i.lv_tlsf_destroy), (2 bytes).
    Removing lv_tlsf.o(i.lv_tlsf_get_pool), (6 bytes).
    Removing lv_tlsf.o(i.lv_tlsf_memalign), (156 bytes).
    Removing lv_tlsf.o(i.lv_tlsf_pool_overhead), (4 bytes).
    Removing lv_tlsf.o(i.lv_tlsf_remove_pool), (82 bytes).
    Removing lv_tlsf.o(i.lv_tlsf_size), (6 bytes).
    Removing lv_tlsf.o(i.lv_tlsf_walk_pool), (64 bytes).
    Removing lv_txt.o(i.lv_txt_utf8_conv_wc), (76 bytes).
    Removing lv_txt.o(.data), (4 bytes).
    Removing lv_arc.o(i.lv_arc_align_obj_to_angle), (118 bytes).
    Removing lv_arc.o(i.lv_arc_create), (24 bytes).
    Removing lv_arc.o(i.lv_arc_get_angle_end), (4 bytes).
    Removing lv_arc.o(i.lv_arc_get_angle_start), (4 bytes).
    Removing lv_arc.o(i.lv_arc_get_bg_angle_end), (4 bytes).
    Removing lv_arc.o(i.lv_arc_get_bg_angle_start), (4 bytes).
    Removing lv_arc.o(i.lv_arc_get_max_value), (6 bytes).
    Removing lv_arc.o(i.lv_arc_get_min_value), (6 bytes).
    Removing lv_arc.o(i.lv_arc_get_mode), (10 bytes).
    Removing lv_arc.o(i.lv_arc_get_value), (6 bytes).
    Removing lv_arc.o(i.lv_arc_rotate_obj_to_angle), (150 bytes).
    Removing lv_arc.o(i.lv_arc_set_change_rate), (4 bytes).
    Removing lv_arc.o(i.lv_arc_set_mode), (104 bytes).
    Removing lv_arc.o(i.lv_arc_set_range), (52 bytes).
    Removing lv_bar.o(i.lv_bar_create), (24 bytes).
    Removing lv_bar.o(i.lv_bar_get_max_value), (4 bytes).
    Removing lv_bar.o(i.lv_bar_get_min_value), (4 bytes).
    Removing lv_bar.o(i.lv_bar_set_mode), (20 bytes).
    Removing lv_bar.o(i.lv_bar_set_range), (84 bytes).
    Removing lv_btnmatrix.o(i.lv_btnmatrix_get_map), (4 bytes).
    Removing lv_btnmatrix.o(i.lv_btnmatrix_get_one_checked), (10 bytes).
    Removing lv_btnmatrix.o(i.lv_btnmatrix_set_btn_width), (46 bytes).
    Removing lv_canvas.o(i.deinit_fake_disp), (24 bytes).
    Removing lv_canvas.o(i.init_fake_disp), (126 bytes).
    Removing lv_canvas.o(i.lv_area_copy), (18 bytes).
    Removing lv_canvas.o(i.lv_canvas_blur_hor), (708 bytes).
    Removing lv_canvas.o(i.lv_canvas_blur_ver), (716 bytes).
    Removing lv_canvas.o(i.lv_canvas_constructor), (40 bytes).
    Removing lv_canvas.o(i.lv_canvas_copy_buf), (118 bytes).
    Removing lv_canvas.o(i.lv_canvas_create), (24 bytes).
    Removing lv_canvas.o(i.lv_canvas_destructor), (8 bytes).
    Removing lv_canvas.o(i.lv_canvas_draw_arc), (118 bytes).
    Removing lv_canvas.o(i.lv_canvas_draw_img), (138 bytes).
    Removing lv_canvas.o(i.lv_canvas_draw_line), (146 bytes).
    Removing lv_canvas.o(i.lv_canvas_draw_polygon), (130 bytes).
    Removing lv_canvas.o(i.lv_canvas_draw_rect), (162 bytes).
    Removing lv_canvas.o(i.lv_canvas_draw_text), (132 bytes).
    Removing lv_canvas.o(i.lv_canvas_fill_bg), (164 bytes).
    Removing lv_canvas.o(i.lv_canvas_get_img), (4 bytes).
    Removing lv_canvas.o(i.lv_canvas_get_px), (36 bytes).
    Removing lv_canvas.o(i.lv_canvas_set_buffer), (48 bytes).
    Removing lv_canvas.o(i.lv_canvas_set_palette), (20 bytes).
    Removing lv_canvas.o(i.lv_canvas_set_px_color), (20 bytes).
    Removing lv_canvas.o(i.lv_canvas_set_px_opa), (20 bytes).
    Removing lv_canvas.o(i.lv_canvas_transform), (314 bytes).
    Removing lv_canvas.o(i.lv_color_hex), (34 bytes).
    Removing lv_canvas.o(i.lv_obj_get_style_img_recolor), (6 bytes).
    Removing lv_canvas.o(.constdata), (28 bytes).
    Removing lv_checkbox.o(i.lv_checkbox_create), (24 bytes).
    Removing lv_checkbox.o(i.lv_checkbox_get_text), (4 bytes).
    Removing lv_checkbox.o(i.lv_checkbox_set_text), (66 bytes).
    Removing lv_checkbox.o(i.lv_checkbox_set_text_static), (42 bytes).
    Removing lv_dropdown.o(i.lv_dropdown_add_option), (268 bytes).
    Removing lv_dropdown.o(i.lv_dropdown_clear_options), (62 bytes).
    Removing lv_dropdown.o(i.lv_dropdown_get_dir), (10 bytes).
    Removing lv_dropdown.o(i.lv_dropdown_get_list), (4 bytes).
    Removing lv_dropdown.o(i.lv_dropdown_get_option_cnt), (4 bytes).
    Removing lv_dropdown.o(i.lv_dropdown_get_option_index), (96 bytes).
    Removing lv_dropdown.o(i.lv_dropdown_get_options), (16 bytes).
    Removing lv_dropdown.o(i.lv_dropdown_get_selected_highlight), (10 bytes).
    Removing lv_dropdown.o(i.lv_dropdown_get_symbol), (4 bytes).
    Removing lv_dropdown.o(i.lv_dropdown_get_text), (4 bytes).
    Removing lv_dropdown.o(i.lv_dropdown_set_dir), (26 bytes).
    Removing lv_dropdown.o(i.lv_dropdown_set_selected_highlight), (26 bytes).
    Removing lv_dropdown.o(i.lv_dropdown_set_symbol), (6 bytes).
    Removing lv_dropdown.o(i.lv_dropdown_set_text), (14 bytes).
    Removing lv_img.o(i.lv_img_get_angle), (4 bytes).
    Removing lv_img.o(i.lv_img_get_antialias), (8 bytes).
    Removing lv_img.o(i.lv_img_get_offset_x), (6 bytes).
    Removing lv_img.o(i.lv_img_get_offset_y), (6 bytes).
    Removing lv_img.o(i.lv_img_get_pivot), (8 bytes).
    Removing lv_img.o(i.lv_img_get_size_mode), (10 bytes).
    Removing lv_img.o(i.lv_img_get_src), (4 bytes).
    Removing lv_img.o(i.lv_img_get_zoom), (4 bytes).
    Removing lv_img.o(i.lv_img_set_angle), (242 bytes).
    Removing lv_img.o(i.lv_img_set_antialias), (24 bytes).
    Removing lv_img.o(i.lv_img_set_offset_x), (18 bytes).
    Removing lv_img.o(i.lv_img_set_offset_y), (18 bytes).
    Removing lv_img.o(i.lv_img_set_pivot), (240 bytes).
    Removing lv_img.o(i.lv_img_set_size_mode), (22 bytes).
    Removing lv_img.o(i.lv_img_set_zoom), (248 bytes).
    Removing lv_label.o(i.lv_label_cut_text), (44 bytes).
    Removing lv_label.o(i.lv_label_get_long_mode), (10 bytes).
    Removing lv_label.o(i.lv_label_get_recolor), (10 bytes).
    Removing lv_label.o(i.lv_label_set_recolor), (26 bytes).
    Removing lv_line.o(i.lv_line_create), (24 bytes).
    Removing lv_line.o(i.lv_line_get_y_invert), (10 bytes).
    Removing lv_line.o(i.lv_line_set_points), (22 bytes).
    Removing lv_line.o(i.lv_line_set_y_invert), (22 bytes).
    Removing lv_roller.o(i.lv_roller_create), (24 bytes).
    Removing lv_roller.o(i.lv_roller_get_option_cnt), (18 bytes).
    Removing lv_roller.o(i.lv_roller_get_options), (14 bytes).
    Removing lv_roller.o(i.lv_roller_get_selected), (30 bytes).
    Removing lv_roller.o(i.lv_roller_get_selected_str), (94 bytes).
    Removing lv_roller.o(i.lv_roller_set_visible_row_count), (56 bytes).
    Removing lv_slider.o(i.lv_slider_create), (24 bytes).
    Removing lv_slider.o(i.lv_slider_is_dragged), (10 bytes).
    Removing lv_switch.o(i.lv_switch_create), (24 bytes).
    Removing lv_table.o(i.get_cell_area), (210 bytes).
    Removing lv_table.o(i.lv_table_add_cell_ctrl), (102 bytes).
    Removing lv_table.o(i.lv_table_clear_cell_ctrl), (102 bytes).
    Removing lv_table.o(i.lv_table_create), (24 bytes).
    Removing lv_table.o(i.lv_table_get_cell_value), (36 bytes).
    Removing lv_table.o(i.lv_table_get_col_cnt), (4 bytes).
    Removing lv_table.o(i.lv_table_get_col_width), (18 bytes).
    Removing lv_table.o(i.lv_table_get_row_cnt), (4 bytes).
    Removing lv_table.o(i.lv_table_get_selected_cell), (10 bytes).
    Removing lv_table.o(i.lv_table_has_cell_ctrl), (42 bytes).
    Removing lv_table.o(i.lv_table_set_cell_value), (132 bytes).
    Removing lv_table.o(i.lv_table_set_cell_value_fmt), (172 bytes).
    Removing lv_table.o(i.lv_table_set_col_cnt), (220 bytes).
    Removing lv_table.o(i.lv_table_set_col_width), (42 bytes).
    Removing lv_table.o(i.lv_table_set_row_cnt), (130 bytes).
    Removing lv_table.o(i.refr_cell_size), (218 bytes).
    Removing lv_textarea.o(i.lv_textarea_create), (24 bytes).
    Removing lv_textarea.o(i.lv_textarea_get_accepted_chars), (4 bytes).
    Removing lv_textarea.o(i.lv_textarea_get_cursor_click_pos), (10 bytes).
    Removing lv_textarea.o(i.lv_textarea_get_label), (4 bytes).
    Removing lv_textarea.o(i.lv_textarea_get_max_length), (4 bytes).
    Removing lv_textarea.o(i.lv_textarea_get_password_mode), (10 bytes).
    Removing lv_textarea.o(i.lv_textarea_get_password_show_time), (4 bytes).
    Removing lv_textarea.o(i.lv_textarea_get_placeholder_text), (16 bytes).
    Removing lv_textarea.o(i.lv_textarea_get_text_selection), (10 bytes).
    Removing lv_textarea.o(i.lv_textarea_set_accepted_chars), (4 bytes).
    Removing lv_textarea.o(i.lv_textarea_set_align), (52 bytes).
    Removing lv_textarea.o(i.lv_textarea_set_insert_replace), (12 bytes).
    Removing lv_textarea.o(i.lv_textarea_set_max_length), (4 bytes).
    Removing lv_textarea.o(i.lv_textarea_set_password_bullet), (54 bytes).
    Removing lv_textarea.o(i.lv_textarea_set_password_mode), (110 bytes).
    Removing lv_textarea.o(i.lv_textarea_set_password_show_time), (4 bytes).
    Removing lv_textarea.o(i.lv_textarea_set_placeholder_text), (74 bytes).
    Removing lv_textarea.o(i.lv_textarea_set_text_selection), (22 bytes).
    Removing lv_textarea.o(i.lv_textarea_text_is_selected), (36 bytes).
    Removing lv_cmsis_pack.o(i.lv_extra_init), (2 bytes).
    Removing lv_port_disp_template.o(i.disp_disable_update), (12 bytes).
    Removing lv_port_disp_template.o(i.disp_enable_update), (12 bytes).

1515 unused section(s) (total 320512 bytes) removed from the image.
