<html>
<body>
<pre>
<h1>µVision Build Log</h1>
<h2>Tool Versions:</h2>
IDE-Version: ¦ÌVision V5.31.0.0
Copyright (C) 2020 ARM Ltd and ARM Germany GmbH. All rights reserved.
License Information: 1 LENOVO, 1, LIC=47GU5-GKCBX-BS6YX-HCJ6A-0AQN0-4DDNM
 
Tool Versions:
Toolchain:       MDK-ARM Plus  Version: 5.31.0.0
Toolchain Path:  E:\software\kevil5\kevil MDK-ARM v5.31\ARM\ARMCC\Bin
C Compiler:      Armcc.exe V5.06 update 6 (build 750)
Assembler:       Armasm.exe V5.06 update 6 (build 750)
Linker/Locator:  ArmLink.exe V5.06 update 6 (build 750)
Library Manager: ArmAr.exe V5.06 update 6 (build 750)
Hex Converter:   FromElf.exe V5.06 update 6 (build 750)
CPU DLL:         SARMCM3.DLL V5.31.0.0
Dialog DLL:      DCM.DLL V1.17.3.0
Target DLL:      STLink\ST-LINKIII-KEIL_SWO.dll V3.0.7.0
Dialog DLL:      TCM.DLL V1.46.0.0
 
<h2>Project:</h2>
E:\software\STM32cubemx\Project\New Folder\MDK-ARM\New Folder.uvprojx
Project File Date:  10/15/2023

<h2>Output:</h2>
*** Using Compiler 'V5.06 update 6 (build 750)', folder: 'E:\software\kevil5\kevil MDK-ARM v5.31\ARM\ARMCC\Bin'
Rebuild target 'New Folder'
assembling startup_stm32f746xx.s...
compiling dma.c...
compiling ltdc.c...
compiling gpio.c...
compiling stm32f7xx_hal_msp.c...
compiling adc.c...
compiling main.c...
compiling tim.c...
compiling stm32f7xx_it.c...
../Core/Src/stm32f7xx_it.c(190): warning:  #223-D: function "lv_tick_inc" declared implicitly
  	lv_tick_inc(1);
../Core/Src/stm32f7xx_it.c: 1 warning, 0 errors
compiling stm32f7xx_hal_adc.c...
compiling stm32f7xx_hal_adc_ex.c...
compiling stm32f7xx_hal_gpio.c...
compiling stm32f7xx_hal_dma.c...
compiling stm32f7xx_hal_flash.c...
compiling stm32f7xx_hal_rcc.c...
compiling stm32f7xx_hal_flash_ex.c...
compiling stm32f7xx_hal_rcc_ex.c...
compiling stm32f7xx_hal.c...
compiling stm32f7xx_hal_exti.c...
compiling stm32f7xx_hal_pwr_ex.c...
compiling stm32f7xx_hal_i2c.c...
compiling stm32f7xx_hal_pwr.c...
compiling stm32f7xx_hal_dma_ex.c...
compiling stm32f7xx_hal_i2c_ex.c...
compiling stm32f7xx_hal_cortex.c...
compiling img_benchmark_cogwheel_alpha16.c...
compiling img_benchmark_cogwheel_argb.c...
compiling img_benchmark_cogwheel_chroma_keyed.c...
compiling img_benchmark_cogwheel_indexed16.c...
compiling img_benchmark_cogwheel_rgb.c...
compiling img_benchmark_cogwheel_rgb565a8.c...
compiling lv_font_bechmark_montserrat_12_compr_az.c.c...
compiling lv_font_bechmark_montserrat_16_compr_az.c.c...
compiling lv_font_bechmark_montserrat_28_compr_az.c.c...
compiling lv_demo_benchmark.c...
compiling img_clothes.c...
compiling img_demo_widgets_avatar.c...
compiling img_lvgl_logo.c...
compiling lv_disp.c...
compiling lv_demo_widgets.c...
E:\software\kevil5\kevil-Pack\LVGL\lvgl\1.0.6\demos\widgets\lv_demo_widgets.c(1084): warning:  #188-D: enumerated type mixed with another type
          lv_palette_t palette_secondary = (*palette_primary) + 3; /*Use another palette as secondary*/
E:\software\kevil5\kevil-Pack\LVGL\lvgl\1.0.6\demos\widgets\lv_demo_widgets.c(1085): warning:  #188-D: enumerated type mixed with another type
          if(palette_secondary >= _LV_PALETTE_LAST) palette_secondary = 0;
E:\software\kevil5\kevil-Pack\LVGL\lvgl\1.0.6\demos\widgets\lv_demo_widgets.c: 2 warnings, 0 errors
compiling lv_event.c...
E:\software\kevil5\kevil-Pack\LVGL\lvgl\1.0.6\src\core\lv_event.c(120): warning:  #188-D: enumerated type mixed with another type
      return e->code & ~LV_EVENT_PREPROCESS;
E:\software\kevil5\kevil-Pack\LVGL\lvgl\1.0.6\src\core\lv_event.c: 1 warning, 0 errors
compiling lv_group.c...
compiling lv_indev.c...
compiling lv_indev_scroll.c...
compiling system_stm32f7xx.c...
compiling lv_obj.c...
compiling stm32f7xx_hal_dsi.c...
compiling lv_obj_class.c...
compiling stm32f7xx_hal_tim_ex.c...
compiling lv_obj_draw.c...
E:\software\kevil5\kevil-Pack\LVGL\lvgl\1.0.6\src\core\lv_obj_draw.c(400): warning:  #188-D: enumerated type mixed with another type
      if(obj->spec_attr) return obj->spec_attr->layer_type;
E:\software\kevil5\kevil-Pack\LVGL\lvgl\1.0.6\src\core\lv_obj_draw.c: 1 warning, 0 errors
compiling stm32f7xx_hal_ltdc_ex.c...
compiling stm32f7xx_hal_ltdc.c...
compiling lv_obj_pos.c...
compiling lv_obj_scroll.c...
compiling lv_obj_style.c...
compiling lv_obj_tree.c...
compiling lv_obj_style_gen.c...
compiling lv_refr.c...
compiling lv_draw_arc.c...
compiling lv_draw.c...
compiling lv_theme.c...
compiling stm32f7xx_hal_tim.c...
compiling lv_draw_img.c...
compiling lv_draw_layer.c...
compiling lv_draw_line.c...
compiling lv_draw_label.c...
compiling lv_draw_rect.c...
compiling lv_draw_transform.c...
compiling lv_draw_triangle.c...
compiling lv_img_cache.c...
compiling lv_img_buf.c...
compiling lv_draw_mask.c...
compiling lv_draw_sw.c...
compiling lv_img_decoder.c...
compiling lv_draw_sw_dither.c...
compiling lv_draw_sw_arc.c...
compiling lv_draw_sw_blend.c...
compiling lv_draw_sw_gradient.c...
compiling lv_draw_sw_img.c...
compiling lv_draw_sw_polygon.c...
compiling lv_draw_sw_layer.c...
compiling lv_draw_sw_letter.c...
compiling lv_draw_sw_line.c...
compiling lv_draw_sw_transform.c...
compiling lv_extra.c...
compiling lv_flex.c...
compiling lv_theme_basic.c...
compiling lv_grid.c...
E:\software\kevil5\kevil-Pack\LVGL\lvgl\1.0.6\src\extra\layouts\grid\lv_grid.c(591): warning:  #188-D: enumerated type mixed with another type
      lv_grid_align_t col_align = get_cell_col_align(item);
E:\software\kevil5\kevil-Pack\LVGL\lvgl\1.0.6\src\extra\layouts\grid\lv_grid.c(592): warning:  #188-D: enumerated type mixed with another type
      lv_grid_align_t row_align = get_cell_row_align(item);
E:\software\kevil5\kevil-Pack\LVGL\lvgl\1.0.6\src\extra\layouts\grid\lv_grid.c: 2 warnings, 0 errors
compiling lv_draw_sw_rect.c...
E:\software\kevil5\kevil-Pack\LVGL\lvgl\1.0.6\src\draw\sw\lv_draw_sw_rect.c(238): warning:  #546-D: transfer of control bypasses initialization of:
            variable "mask_any_center"  (declared at line 285)
          goto bg_clean_up;
          ^
E:\software\kevil5\kevil-Pack\LVGL\lvgl\1.0.6\src\draw\sw\lv_draw_sw_rect.c: 1 warning, 0 errors
compiling lv_animimg.c...
compiling lv_theme_mono.c...
compiling lv_calendar_header_arrow.c...
compiling lv_theme_default.c...
E:\software\kevil5\kevil-Pack\LVGL\lvgl\1.0.6\src\extra\themes\default\lv_theme_default.c(213): warning:  #188-D: enumerated type mixed with another type
E:\software\kevil5\kevil-Pack\LVGL\lvgl\1.0.6\src\extra\themes\default\lv_theme_default.c: 1 warning, 0 errors
compiling lv_calendar.c...
compiling lv_calendar_header_dropdown.c...
compiling lv_colorwheel.c...
compiling lv_keyboard.c...
compiling lv_list.c...
compiling lv_imgbtn.c...
compiling lv_led.c...
compiling lv_menu.c...
compiling lv_chart.c...
compiling lv_meter.c...
compiling lv_msgbox.c...
compiling lv_spinbox.c...
compiling lv_spinner.c...
compiling lv_tileview.c...
compiling lv_font.c...
compiling lv_span.c...
E:\software\kevil5\kevil-Pack\LVGL\lvgl\1.0.6\src\extra\widgets\span\lv_span.c(901): warning:  #546-D: transfer of control bypasses initialization of:
            variable "align"  (declared at line 905)
              goto Next_line_init;
              ^
E:\software\kevil5\kevil-Pack\LVGL\lvgl\1.0.6\src\extra\widgets\span\lv_span.c: 1 warning, 0 errors
compiling lv_tabview.c...
compiling lv_win.c...
compiling lv_font_dejavu_16_persian_hebrew.c...
compiling lv_font_fmt_txt.c...
E:\software\kevil5\kevil-Pack\LVGL\lvgl\1.0.6\src\font\lv_font_fmt_txt.c(137): warning:  #111-D: statement is unreachable
      return NULL;
E:\software\kevil5\kevil-Pack\LVGL\lvgl\1.0.6\src\font\lv_font_fmt_txt.c: 1 warning, 0 errors
compiling lv_font_montserrat_10.c...
compiling lv_font_loader.c...
compiling lv_font_montserrat_12.c...
compiling lv_font_montserrat_12_subpx.c...
compiling lv_font_montserrat_14.c...
compiling lv_font_montserrat_16.c...
compiling lv_font_montserrat_18.c...
compiling lv_font_montserrat_20.c...
compiling lv_font_montserrat_22.c...
compiling lv_font_montserrat_26.c...
compiling lv_font_montserrat_24.c...
compiling lv_font_montserrat_30.c...
compiling lv_font_montserrat_28_compressed.c...
compiling lv_font_montserrat_28.c...
compiling lv_font_montserrat_32.c...
compiling lv_font_montserrat_34.c...
compiling lv_font_montserrat_36.c...
compiling lv_font_montserrat_38.c...
compiling lv_font_montserrat_40.c...
compiling lv_font_montserrat_42.c...
compiling lv_font_montserrat_46.c...
compiling lv_font_montserrat_44.c...
compiling lv_font_montserrat_48.c...
compiling lv_font_montserrat_8.c...
compiling lv_font_simsun_16_cjk.c...
compiling lv_hal_tick.c...
compiling lv_hal_indev.c...
compiling lv_anim_timeline.c...
compiling lv_font_unscii_16.c...
compiling lv_anim.c...
compiling lv_font_unscii_8.c...
compiling lv_hal_disp.c...
E:\software\kevil5\kevil-Pack\LVGL\lvgl\1.0.6\src\hal\lv_hal_disp.c(572): warning:  #188-D: enumerated type mixed with another type
      return disp->driver->rotated;
E:\software\kevil5\kevil-Pack\LVGL\lvgl\1.0.6\src\hal\lv_hal_disp.c: 1 warning, 0 errors
compiling lv_async.c...
compiling lv_bidi.c...
compiling lv_gc.c...
compiling lv_area.c...
compiling lv_color.c...
compiling lv_fs.c...
compiling lv_log.c...
compiling lv_ll.c...
compiling lv_math.c...
compiling lv_lru.c...
E:\software\kevil5\kevil-Pack\LVGL\lvgl\1.0.6\src\misc\lv_lru.c(241): warning:  #68-D: integer conversion resulted in a change of sign
      uint32_t i = 0, min_index = -1;
E:\software\kevil5\kevil-Pack\LVGL\lvgl\1.0.6\src\misc\lv_lru.c(242): warning:  #68-D: integer conversion resulted in a change of sign
      uint64_t min_access_count = -1;
E:\software\kevil5\kevil-Pack\LVGL\lvgl\1.0.6\src\misc\lv_lru.c: 2 warnings, 0 errors
compiling lv_templ.c...
compiling lv_mem.c...
E:\software\kevil5\kevil-Pack\LVGL\lvgl\1.0.6\src\misc\lv_mem.c(325): warning:  #111-D: statement is unreachable
      return NULL;
E:\software\kevil5\kevil-Pack\LVGL\lvgl\1.0.6\src\misc\lv_mem.c: 1 warning, 0 errors
compiling lv_style.c...
E:\software\kevil5\kevil-Pack\LVGL\lvgl\1.0.6\src\misc\lv_style.c(213): warning:  #188-D: enumerated type mixed with another type
      return last_custom_prop_id;
E:\software\kevil5\kevil-Pack\LVGL\lvgl\1.0.6\src\misc\lv_style.c(218): warning:  #188-D: enumerated type mixed with another type
      return last_custom_prop_id - _LV_STYLE_LAST_BUILT_IN_PROP;
E:\software\kevil5\kevil-Pack\LVGL\lvgl\1.0.6\src\misc\lv_style.c(289): warning:  #188-D: enumerated type mixed with another type
      lv_style_set_prop_internal(style, prop | meta, null_style_value, lv_style_set_prop_meta_helper);
E:\software\kevil5\kevil-Pack\LVGL\lvgl\1.0.6\src\misc\lv_style.c: 3 warnings, 0 errors
compiling lv_printf.c...
compiling lv_timer.c...
compiling lv_style_gen.c...
compiling lv_tlsf.c...
E:\software\kevil5\kevil-Pack\LVGL\lvgl\1.0.6\src\misc\lv_tlsf.c(898): warning:  #68-D: integer conversion resulted in a change of sign
          offset_to_block(pool, -(int)block_header_overhead);
E:\software\kevil5\kevil-Pack\LVGL\lvgl\1.0.6\src\misc\lv_tlsf.c(1000): warning:  #68-D: integer conversion resulted in a change of sign
      block = offset_to_block(mem, -(tlsfptr_t)block_header_overhead);
E:\software\kevil5\kevil-Pack\LVGL\lvgl\1.0.6\src\misc\lv_tlsf.c(1018): warning:  #68-D: integer conversion resulted in a change of sign
      block_header_t * block = offset_to_block(pool, -(int)block_header_overhead);
E:\software\kevil5\kevil-Pack\LVGL\lvgl\1.0.6\src\misc\lv_tlsf.c: 3 warnings, 0 errors
compiling lv_utils.c...
compiling lv_txt_ap.c...
compiling lv_txt.c...
compiling lv_btn.c...
compiling lv_bar.c...
compiling lv_arc.c...
compiling lv_checkbox.c...
compiling lv_objx_templ.c...
compiling lv_canvas.c...
compiling lv_btnmatrix.c...
compiling lv_img.c...
compiling lv_dropdown.c...
compiling lv_line.c...
compiling lv_roller.c...
compiling lv_cmsis_pack.c...
compiling lv_label.c...
compiling lv_switch.c...
compiling lv_slider.c...
compiling lv_port_disp_template.c...
RTE\LVGL\lv_port_disp_template.c(19): warning:  #1215-D: #warning directive: Please define or replace the macro MY_DISP_HOR_RES with the actual screen width, default value 320 is used for now.
      #warning Please define or replace the macro MY_DISP_HOR_RES with the actual screen width, default value 320 is used for now.
RTE\LVGL\lv_port_disp_template.c(24): warning:  #1215-D: #warning directive: Please define or replace the macro MY_DISP_HOR_RES with the actual screen height, default value 240 is used for now.
      #warning Please define or replace the macro MY_DISP_HOR_RES with the actual screen height, default value 240 is used for now.
RTE\LVGL\lv_port_disp_template.c: 2 warnings, 0 errors
compiling lv_port_fs_template.c...
compiling lv_port_indev_template.c...
compiling lv_textarea.c...
compiling lv_table.c...
linking...
Program Size: Code=165986 RO-data=104946 RW-data=960 ZI-data=317248  
FromELF: creating hex file...
"New Folder\New Folder.axf" - 0 Error(s), 23 Warning(s).

<h2>Software Packages used:</h2>

Package Vendor: ARM
                http://www.keil.com/pack/ARM.CMSIS.5.7.0.pack
                ARM.CMSIS.5.7.0
                CMSIS (Cortex Microcontroller Software Interface Standard)
   * Component: CORE Version: 5.4.0

Package Vendor: LVGL
                https://raw.githubusercontent.com/lvgl/lvgl/master/env_support/cmsis-pack/LVGL.lvgl.1.0.6.pack
                LVGL.lvgl.1.0.6
                LVGL (Light and Versatile Graphics Library) is a free and open-source graphics library providing everything you need to create an embedded GUI with easy-to-use graphical elements, beautiful visual effects and a low memory footprint.
   * Component: Benchmark Version: 8.3.0
   * Component: Demo:Widgets Version: 8.3.0
   * Component: Essential Version: 8.3.0
   * Component: Extra Themes Version: 8.3.0
   * Component: Porting Version: 8.3.0

Package Vendor: Keil
                https://www.keil.com/pack/Keil.STM32F7xx_DFP.2.15.2.pack
                Keil.STM32F7xx_DFP.2.15.2
                STMicroelectronics STM32F7 Series Device Support, Drivers and Examples

<h2>Collection of Component include folders:</h2>
  .\RTE\LVGL
  .\RTE\_New_Folder
  E:\software\kevil5\kevil-Pack\ARM\CMSIS\5.7.0\CMSIS\Core\Include
  E:\software\kevil5\kevil-Pack\Keil\STM32F7xx_DFP\2.15.2\Drivers\CMSIS\Device\ST\STM32F7xx\Include
  E:\software\kevil5\kevil-Pack\LVGL\lvgl\1.0.6
  E:\software\kevil5\kevil-Pack\LVGL\lvgl\1.0.6\demos\benchmark
  E:\software\kevil5\kevil-Pack\LVGL\lvgl\1.0.6\demos\widgets

<h2>Collection of Component Files used:</h2>

   * Component: ARM::CMSIS:CORE:5.4.0
      Include file:  CMSIS\Core\Include\tz_context.h

   * Component: LVGL.LVGL::LVGL:lvgl:Benchmark:8.3.0
      Include file:  demos\benchmark\lv_demo_benchmark.h
      Source file:   demos\benchmark\assets\img_benchmark_cogwheel_alpha16.c
      Source file:   demos\benchmark\assets\img_benchmark_cogwheel_argb.c
      Source file:   demos\benchmark\lv_demo_benchmark.c
      Source file:   demos\benchmark\assets\img_benchmark_cogwheel_chroma_keyed.c
      Source file:   demos\benchmark\assets\img_benchmark_cogwheel_indexed16.c
      Source file:   demos\benchmark\assets\img_benchmark_cogwheel_rgb.c
      Source file:   demos\benchmark\assets\lv_font_bechmark_montserrat_16_compr_az.c.c
      Source file:   demos\benchmark\assets\lv_font_bechmark_montserrat_28_compr_az.c.c
      Source file:   demos\benchmark\assets\lv_font_bechmark_montserrat_12_compr_az.c.c
      Source file:   demos\benchmark\assets\img_benchmark_cogwheel_rgb565a8.c

   * Component: LVGL.LVGL::LVGL:lvgl:Demo:Widgets:8.3.0
      Source file:   demos\widgets\assets\img_clothes.c
      Source file:   demos\widgets\assets\img_lvgl_logo.c
      Include file:  demos\widgets\lv_demo_widgets.h
      Source file:   demos\widgets\lv_demo_widgets.c
      Source file:   demos\widgets\assets\img_demo_widgets_avatar.c

   * Component: LVGL.LVGL::LVGL:lvgl:Essential:8.3.0
      Source file:   src\core\lv_obj.c
      Source file:   src\core\lv_obj_class.c
      Source file:   src\core\lv_event.c
      Source file:   src\core\lv_indev.c
      Source file:   src\core\lv_indev_scroll.c
      Source file:   src\core\lv_disp.c
      Source file:   src\core\lv_group.c
      Source file:   src\draw\lv_draw_label.c
      Source file:   src\draw\sw\lv_draw_sw_line.c
      Source file:   src\draw\sw\lv_draw_sw_polygon.c
      Source file:   src\draw\sw\lv_draw_sw_rect.c
      Source file:   src\core\lv_obj_style.c
      Source file:   src\core\lv_obj_tree.c
      Source file:   src\draw\lv_img_decoder.c
      Source file:   src\draw\lv_draw.c
      Source file:   src\core\lv_obj_pos.c
      Source file:   src\core\lv_theme.c
      Source file:   src\draw\sw\lv_draw_sw_arc.c
      Source file:   src\core\lv_refr.c
      Source file:   src\core\lv_obj_scroll.c
      Source file:   src\draw\lv_draw_img.c
      Source file:   src\draw\lv_img_buf.c
      Source file:   src\core\lv_obj_draw.c
      Source file:   src\draw\lv_draw_arc.c
      Source file:   src\draw\lv_draw_layer.c
      Source file:   src\draw\lv_draw_transform.c
      Source file:   src\draw\sw\lv_draw_sw_blend.c
      Source file:   src\draw\lv_draw_rect.c
      Source file:   src\draw\lv_draw_line.c
      Source file:   src\draw\sw\lv_draw_sw_dither.c
      Source file:   src\draw\lv_draw_mask.c
      Source file:   src\draw\sw\lv_draw_sw.c
      Source file:   src\core\lv_obj_style_gen.c
      Source file:   src\draw\lv_img_cache.c
      Source file:   src\draw\sw\lv_draw_sw_gradient.c
      Source file:   src\draw\lv_draw_triangle.c
      Source file:   src\draw\sw\lv_draw_sw_img.c
      Source file:   src\draw\sw\lv_draw_sw_layer.c
      Source file:   src\draw\sw\lv_draw_sw_letter.c
      Source file:   src\font\lv_font_montserrat_10.c
      Source file:   src\font\lv_font_montserrat_44.c
      Source file:   src\font\lv_font_montserrat_46.c
      Source file:   src\font\lv_font_montserrat_20.c
      Source file:   src\font\lv_font_montserrat_28.c
      Source file:   src\font\lv_font_montserrat_28_compressed.c
      Source file:   src\font\lv_font_dejavu_16_persian_hebrew.c
      Source file:   src\font\lv_font_montserrat_48.c
      Source file:   src\font\lv_font_simsun_16_cjk.c
      Source file:   src\font\lv_font_unscii_8.c
      Source file:   src\font\lv_font_montserrat_22.c
      Source file:   src\font\lv_font_montserrat_38.c
      Source file:   src\font\lv_font_montserrat_12_subpx.c
      Source file:   src\font\lv_font_unscii_16.c
      Source file:   src\hal\lv_hal_disp.c
      Source file:   src\font\lv_font_montserrat_34.c
      Source file:   src\font\lv_font_montserrat_36.c
      Source file:   src\font\lv_font.c
      Source file:   src\font\lv_font_montserrat_8.c
      Source file:   src\font\lv_font_montserrat_18.c
      Source file:   src\font\lv_font_montserrat_24.c
      Source file:   src\font\lv_font_montserrat_12.c
      Source file:   src\font\lv_font_montserrat_26.c
      Source file:   src\draw\sw\lv_draw_sw_transform.c
      Source file:   src\font\lv_font_loader.c
      Source file:   src\font\lv_font_fmt_txt.c
      Source file:   src\font\lv_font_montserrat_14.c
      Source file:   src\font\lv_font_montserrat_16.c
      Source file:   src\font\lv_font_montserrat_30.c
      Source file:   src\font\lv_font_montserrat_32.c
      Source file:   src\font\lv_font_montserrat_40.c
      Source file:   src\font\lv_font_montserrat_42.c
      Source file:   src\misc\lv_bidi.c
      Source file:   src\widgets\lv_checkbox.c
      Source file:   src\widgets\lv_canvas.c
      Source file:   src\misc\lv_math.c
      Source file:   src\widgets\lv_dropdown.c
      Source file:   src\widgets\lv_img.c
      Source file:   src\misc\lv_fs.c
      Source file:   src\misc\lv_log.c
      Source file:   src\widgets\lv_btnmatrix.c
      Source file:   src\hal\lv_hal_tick.c
      Source file:   src\misc\lv_async.c
      Source file:   src\misc\lv_txt_ap.c
      Source file:   src\hal\lv_hal_indev.c
      Source file:   src\misc\lv_anim_timeline.c
      Source file:   src\misc\lv_lru.c
      Source file:   src\misc\lv_tlsf.c
      Source file:   src\misc\lv_anim.c
      Source file:   src\misc\lv_color.c
      Source file:   src\misc\lv_printf.c
      Source file:   src\misc\lv_timer.c
      Source file:   src\misc\lv_gc.c
      Source file:   src\misc\lv_txt.c
      Source file:   src\widgets\lv_bar.c
      Source file:   src\misc\lv_utils.c
      Source file:   src\misc\lv_area.c
      Source file:   src\misc\lv_mem.c
      Source file:   src\misc\lv_ll.c
      Source file:   src\misc\lv_templ.c
      Source file:   src\widgets\lv_arc.c
      Source file:   src\widgets\lv_btn.c
      Source file:   src\misc\lv_style_gen.c
      Source file:   src\misc\lv_style.c
      Include file:  lvgl.h
      Source file:   lv_cmsis_pack.c
      Source file:   src\widgets\lv_table.c
      Source file:   src\widgets\lv_objx_templ.c
      Source file:   src\widgets\lv_switch.c
      Source file:   src\widgets\lv_line.c
      Source file:   src\widgets\lv_label.c
      Source file:   src\widgets\lv_roller.c
      Source file:   src\widgets\lv_slider.c
      Source file:   src\widgets\lv_textarea.c

   * Component: LVGL.LVGL::LVGL:lvgl:Extra Themes:8.3.0
      Source file:   src\extra\widgets\spinner\lv_spinner.c
      Source file:   src\extra\widgets\tabview\lv_tabview.c
      Source file:   src\extra\widgets\animimg\lv_animimg.c
      Source file:   src\extra\widgets\tileview\lv_tileview.c
      Source file:   src\extra\widgets\colorwheel\lv_colorwheel.c
      Source file:   src\extra\layouts\flex\lv_flex.c
      Source file:   src\extra\widgets\keyboard\lv_keyboard.c
      Source file:   src\extra\layouts\grid\lv_grid.c
      Source file:   src\extra\widgets\win\lv_win.c
      Source file:   src\extra\themes\mono\lv_theme_mono.c
      Source file:   src\extra\widgets\calendar\lv_calendar.c
      Source file:   src\extra\widgets\calendar\lv_calendar_header_arrow.c
      Source file:   src\extra\widgets\chart\lv_chart.c
      Source file:   src\extra\themes\default\lv_theme_default.c
      Source file:   src\extra\widgets\imgbtn\lv_imgbtn.c
      Source file:   src\extra\widgets\msgbox\lv_msgbox.c
      Source file:   src\extra\widgets\span\lv_span.c
      Source file:   src\extra\widgets\spinbox\lv_spinbox.c
      Source file:   src\extra\widgets\led\lv_led.c
      Source file:   src\extra\widgets\calendar\lv_calendar_header_dropdown.c
      Source file:   src\extra\themes\basic\lv_theme_basic.c
      Source file:   src\extra\widgets\list\lv_list.c
      Source file:   src\extra\widgets\menu\lv_menu.c
      Source file:   src\extra\widgets\meter\lv_meter.c
      Source file:   src\extra\lv_extra.c

   * Component: LVGL.LVGL::LVGL:lvgl:Porting:8.3.0
      Source file:   examples\porting\lv_port_fs_template.c
      Include file:  examples\porting\lv_port_fs_template.h
      Source file:   examples\porting\lv_port_disp_template.c
      Include file:  examples\porting\lv_port_disp_template.h
      Include file:  examples\porting\lv_port_indev_template.h
      Source file:   examples\porting\lv_port_indev_template.c
Build Time Elapsed:  00:01:03
</pre>
</body>
</html>
